<?xml version="1.0"?>
<link_info>
   <banner>TMS320C2000 Linker PC v6.2.0</banner>
   <copyright>Copyright (c) 1996-2013 Texas Instruments Incorporated</copyright>
   <link_time>0x55fa74cd</link_time>
   <link_errors>0x0</link_errors>
   <output_file>E:/work/SG50KT4ZA/program/SG50KTWAU4-B/SG50KU4_AllControl/../Debug/SG100KT.out</output_file>
   <entry_point>
      <name>_c_int00</name>
      <address>0x338f31</address>
   </entry_point>
   <input_file_list>
      <input_file id="fl-2">
         <path>E:\work\SG50KT4ZA\program\SG50KTWAU4-B\Debug\</path>
         <kind>object</kind>
         <file>pid.obj</file>
         <name>pid.obj</name>
      </input_file>
      <input_file id="fl-3">
         <path>E:\work\SG50KT4ZA\program\SG50KTWAU4-B\Debug\</path>
         <kind>object</kind>
         <file>main.obj</file>
         <name>main.obj</name>
      </input_file>
      <input_file id="fl-4">
         <path>E:\work\SG50KT4ZA\program\SG50KTWAU4-B\Debug\</path>
         <kind>object</kind>
         <file>isr.obj</file>
         <name>isr.obj</name>
      </input_file>
      <input_file id="fl-5">
         <path>E:\work\SG50KT4ZA\program\SG50KTWAU4-B\Debug\</path>
         <kind>object</kind>
         <file>corecontrol.obj</file>
         <name>corecontrol.obj</name>
      </input_file>
      <input_file id="fl-6">
         <path>E:\work\SG50KT4ZA\program\SG50KTWAU4-B\Debug\</path>
         <kind>object</kind>
         <file>can.obj</file>
         <name>can.obj</name>
      </input_file>
      <input_file id="fl-7">
         <path>E:\work\SG50KT4ZA\program\SG50KTWAU4-B\Debug\</path>
         <kind>object</kind>
         <file>Spi.obj</file>
         <name>Spi.obj</name>
      </input_file>
      <input_file id="fl-8">
         <path>E:\work\SG50KT4ZA\program\SG50KTWAU4-B\Debug\</path>
         <kind>object</kind>
         <file>RSDebug.obj</file>
         <name>RSDebug.obj</name>
      </input_file>
      <input_file id="fl-9">
         <path>E:\work\SG50KT4ZA\program\SG50KTWAU4-B\Debug\</path>
         <kind>object</kind>
         <file>RS485.obj</file>
         <name>RS485.obj</name>
      </input_file>
      <input_file id="fl-a">
         <path>E:\work\SG50KT4ZA\program\SG50KTWAU4-B\Debug\</path>
         <kind>object</kind>
         <file>DataOperation.obj</file>
         <name>DataOperation.obj</name>
      </input_file>
      <input_file id="fl-b">
         <path>E:\work\SG50KT4ZA\program\SG50KTWAU4-B\Debug\</path>
         <kind>object</kind>
         <file>DSP2833x_usDelay.obj</file>
         <name>DSP2833x_usDelay.obj</name>
      </input_file>
      <input_file id="fl-c">
         <path>E:\work\SG50KT4ZA\program\SG50KTWAU4-B\Debug\</path>
         <kind>object</kind>
         <file>DSP2833x_SysCtrl.obj</file>
         <name>DSP2833x_SysCtrl.obj</name>
      </input_file>
      <input_file id="fl-d">
         <path>E:\work\SG50KT4ZA\program\SG50KTWAU4-B\Debug\</path>
         <kind>object</kind>
         <file>DSP2833x_Spi.obj</file>
         <name>DSP2833x_Spi.obj</name>
      </input_file>
      <input_file id="fl-e">
         <path>E:\work\SG50KT4ZA\program\SG50KTWAU4-B\Debug\</path>
         <kind>object</kind>
         <file>DSP2833x_Sci.obj</file>
         <name>DSP2833x_Sci.obj</name>
      </input_file>
      <input_file id="fl-f">
         <path>E:\work\SG50KT4ZA\program\SG50KTWAU4-B\Debug\</path>
         <kind>object</kind>
         <file>DSP2833x_PieVect.obj</file>
         <name>DSP2833x_PieVect.obj</name>
      </input_file>
      <input_file id="fl-10">
         <path>E:\work\SG50KT4ZA\program\SG50KTWAU4-B\Debug\</path>
         <kind>object</kind>
         <file>DSP2833x_PieCtrl.obj</file>
         <name>DSP2833x_PieCtrl.obj</name>
      </input_file>
      <input_file id="fl-11">
         <path>E:\work\SG50KT4ZA\program\SG50KTWAU4-B\Debug\</path>
         <kind>object</kind>
         <file>DSP2833x_MemCopy.obj</file>
         <name>DSP2833x_MemCopy.obj</name>
      </input_file>
      <input_file id="fl-12">
         <path>E:\work\SG50KT4ZA\program\SG50KTWAU4-B\Debug\</path>
         <kind>object</kind>
         <file>DSP2833x_Gpio.obj</file>
         <name>DSP2833x_Gpio.obj</name>
      </input_file>
      <input_file id="fl-13">
         <path>E:\work\SG50KT4ZA\program\SG50KTWAU4-B\Debug\</path>
         <kind>object</kind>
         <file>DSP2833x_GlobalVariableDefs.obj</file>
         <name>DSP2833x_GlobalVariableDefs.obj</name>
      </input_file>
      <input_file id="fl-14">
         <path>E:\work\SG50KT4ZA\program\SG50KTWAU4-B\Debug\</path>
         <kind>object</kind>
         <file>DSP2833x_EPwm.obj</file>
         <name>DSP2833x_EPwm.obj</name>
      </input_file>
      <input_file id="fl-15">
         <path>E:\work\SG50KT4ZA\program\SG50KTWAU4-B\Debug\</path>
         <kind>object</kind>
         <file>DSP2833x_ECap.obj</file>
         <name>DSP2833x_ECap.obj</name>
      </input_file>
      <input_file id="fl-16">
         <path>E:\work\SG50KT4ZA\program\SG50KTWAU4-B\Debug\</path>
         <kind>object</kind>
         <file>DSP2833x_ECan.obj</file>
         <name>DSP2833x_ECan.obj</name>
      </input_file>
      <input_file id="fl-17">
         <path>E:\work\SG50KT4ZA\program\SG50KTWAU4-B\Debug\</path>
         <kind>object</kind>
         <file>DSP2833x_DisInt.obj</file>
         <name>DSP2833x_DisInt.obj</name>
      </input_file>
      <input_file id="fl-18">
         <path>E:\work\SG50KT4ZA\program\SG50KTWAU4-B\Debug\</path>
         <kind>object</kind>
         <file>DSP2833x_DefaultIsr.obj</file>
         <name>DSP2833x_DefaultIsr.obj</name>
      </input_file>
      <input_file id="fl-19">
         <path>E:\work\SG50KT4ZA\program\SG50KTWAU4-B\Debug\</path>
         <kind>object</kind>
         <file>DSP2833x_DBGIER.obj</file>
         <name>DSP2833x_DBGIER.obj</name>
      </input_file>
      <input_file id="fl-1a">
         <path>E:\work\SG50KT4ZA\program\SG50KTWAU4-B\Debug\</path>
         <kind>object</kind>
         <file>DSP2833x_CodeStartBranch.obj</file>
         <name>DSP2833x_CodeStartBranch.obj</name>
      </input_file>
      <input_file id="fl-1b">
         <path>E:\work\SG50KT4ZA\program\SG50KTWAU4-B\Debug\</path>
         <kind>object</kind>
         <file>DSP2833x_CSMPasswords.obj</file>
         <name>DSP2833x_CSMPasswords.obj</name>
      </input_file>
      <input_file id="fl-1c">
         <path>E:\work\SG50KT4ZA\program\SG50KTWAU4-B\Debug\</path>
         <kind>object</kind>
         <file>DSP2833x_Adc.obj</file>
         <name>DSP2833x_Adc.obj</name>
      </input_file>
      <input_file id="fl-1d">
         <path>E:\work\SG50KT4ZA\program\SG50KTWAU4-B\Debug\</path>
         <kind>object</kind>
         <file>DSP2833x_ADC_cal.obj</file>
         <name>DSP2833x_ADC_cal.obj</name>
      </input_file>
      <input_file id="fl-23">
         <path>E:\work\SG50KT4ZA\program\SG50KTWAU4-B\lib\</path>
         <kind>archive</kind>
         <file>IQmath.lib</file>
         <name>IQ19div.obj</name>
      </input_file>
      <input_file id="fl-24">
         <path>E:\work\SG50KT4ZA\program\SG50KTWAU4-B\lib\</path>
         <kind>archive</kind>
         <file>IQmath.lib</file>
         <name>IQmathTables.obj</name>
      </input_file>
      <input_file id="fl-25">
         <path>C:\ti\ccsv5\tools\compiler\c2000_6.2.0\lib\</path>
         <kind>archive</kind>
         <file>rts2800_ml.lib</file>
         <name>boot.obj</name>
      </input_file>
      <input_file id="fl-26">
         <path>C:\ti\ccsv5\tools\compiler\c2000_6.2.0\lib\</path>
         <kind>archive</kind>
         <file>rts2800_ml.lib</file>
         <name>exit.obj</name>
      </input_file>
      <input_file id="fl-27">
         <path>C:\ti\ccsv5\tools\compiler\c2000_6.2.0\lib\</path>
         <kind>archive</kind>
         <file>rts2800_ml.lib</file>
         <name>_lock.obj</name>
      </input_file>
      <input_file id="fl-28">
         <path>C:\ti\ccsv5\tools\compiler\c2000_6.2.0\lib\</path>
         <kind>archive</kind>
         <file>rts2800_ml.lib</file>
         <name>u_div.obj</name>
      </input_file>
      <input_file id="fl-29">
         <path>C:\ti\ccsv5\tools\compiler\c2000_6.2.0\lib\</path>
         <kind>archive</kind>
         <file>rts2800_ml.lib</file>
         <name>args_main.obj</name>
      </input_file>
   </input_file_list>
   <object_component_list>
      <object_component id="oc-e3">
         <name>PieVectTableFile</name>
         <uninitialized>true</uninitialized>
         <run_address>0xd00</run_address>
         <size>0x100</size>
         <input_file_ref idref="fl-13"/>
      </object_component>
      <object_component id="oc-df">
         <name>DevEmuRegsFile</name>
         <uninitialized>true</uninitialized>
         <run_address>0x880</run_address>
         <size>0xd0</size>
         <input_file_ref idref="fl-13"/>
      </object_component>
      <object_component id="oc-b5">
         <name>FlashRegsFile</name>
         <uninitialized>true</uninitialized>
         <run_address>0xa80</run_address>
         <size>0x8</size>
         <input_file_ref idref="fl-13"/>
      </object_component>
      <object_component id="oc-bf">
         <name>CsmRegsFile</name>
         <uninitialized>true</uninitialized>
         <run_address>0xae0</run_address>
         <size>0x10</size>
         <input_file_ref idref="fl-13"/>
      </object_component>
      <object_component id="oc-be">
         <name>AdcMirrorFile</name>
         <uninitialized>true</uninitialized>
         <run_address>0xb00</run_address>
         <size>0x10</size>
         <input_file_ref idref="fl-13"/>
      </object_component>
      <object_component id="oc-c2">
         <name>XintfRegsFile</name>
         <uninitialized>true</uninitialized>
         <run_address>0xb20</run_address>
         <size>0x1e</size>
         <input_file_ref idref="fl-13"/>
      </object_component>
      <object_component id="oc-b6">
         <name>CpuTimer0RegsFile</name>
         <uninitialized>true</uninitialized>
         <run_address>0xc00</run_address>
         <size>0x8</size>
         <input_file_ref idref="fl-13"/>
      </object_component>
      <object_component id="oc-b4">
         <name>CpuTimer1RegsFile</name>
         <uninitialized>true</uninitialized>
         <run_address>0xc08</run_address>
         <size>0x8</size>
         <input_file_ref idref="fl-13"/>
      </object_component>
      <object_component id="oc-b3">
         <name>CpuTimer2RegsFile</name>
         <uninitialized>true</uninitialized>
         <run_address>0xc10</run_address>
         <size>0x8</size>
         <input_file_ref idref="fl-13"/>
      </object_component>
      <object_component id="oc-c0">
         <name>PieCtrlRegsFile</name>
         <uninitialized>true</uninitialized>
         <run_address>0xce0</run_address>
         <size>0x1a</size>
         <input_file_ref idref="fl-13"/>
      </object_component>
      <object_component id="oc-e0">
         <name>DmaRegsFile</name>
         <uninitialized>true</uninitialized>
         <run_address>0x1000</run_address>
         <size>0xe0</size>
         <input_file_ref idref="fl-13"/>
      </object_component>
      <object_component id="oc-d2">
         <name>McbspaRegsFile</name>
         <uninitialized>true</uninitialized>
         <run_address>0x5000</run_address>
         <size>0x25</size>
         <input_file_ref idref="fl-13"/>
      </object_component>
      <object_component id="oc-d3">
         <name>McbspbRegsFile</name>
         <uninitialized>true</uninitialized>
         <run_address>0x5040</run_address>
         <size>0x25</size>
         <input_file_ref idref="fl-13"/>
      </object_component>
      <object_component id="oc-d6">
         <name>ECanaRegsFile</name>
         <uninitialized>true</uninitialized>
         <run_address>0x6000</run_address>
         <size>0x34</size>
         <input_file_ref idref="fl-13"/>
      </object_component>
      <object_component id="oc-d9">
         <name>ECanaLAMRegsFile</name>
         <uninitialized>true</uninitialized>
         <run_address>0x6040</run_address>
         <size>0x40</size>
         <input_file_ref idref="fl-13"/>
      </object_component>
      <object_component id="oc-e2">
         <name>ECanaMboxesFile</name>
         <uninitialized>true</uninitialized>
         <run_address>0x6100</run_address>
         <size>0x100</size>
         <input_file_ref idref="fl-13"/>
      </object_component>
      <object_component id="oc-da">
         <name>ECanaMOTSRegsFile</name>
         <uninitialized>true</uninitialized>
         <run_address>0x6080</run_address>
         <size>0x40</size>
         <input_file_ref idref="fl-13"/>
      </object_component>
      <object_component id="oc-d7">
         <name>ECanaMOTORegsFile</name>
         <uninitialized>true</uninitialized>
         <run_address>0x60c0</run_address>
         <size>0x40</size>
         <input_file_ref idref="fl-13"/>
      </object_component>
      <object_component id="oc-d5">
         <name>ECanbRegsFile</name>
         <uninitialized>true</uninitialized>
         <run_address>0x6200</run_address>
         <size>0x34</size>
         <input_file_ref idref="fl-13"/>
      </object_component>
      <object_component id="oc-dd">
         <name>ECanbLAMRegsFile</name>
         <uninitialized>true</uninitialized>
         <run_address>0x6240</run_address>
         <size>0x40</size>
         <input_file_ref idref="fl-13"/>
      </object_component>
      <object_component id="oc-e1">
         <name>ECanbMboxesFile</name>
         <uninitialized>true</uninitialized>
         <run_address>0x6300</run_address>
         <size>0x100</size>
         <input_file_ref idref="fl-13"/>
      </object_component>
      <object_component id="oc-d8">
         <name>ECanbMOTSRegsFile</name>
         <uninitialized>true</uninitialized>
         <run_address>0x6280</run_address>
         <size>0x40</size>
         <input_file_ref idref="fl-13"/>
      </object_component>
      <object_component id="oc-db">
         <name>ECanbMOTORegsFile</name>
         <uninitialized>true</uninitialized>
         <run_address>0x62c0</run_address>
         <size>0x40</size>
         <input_file_ref idref="fl-13"/>
      </object_component>
      <object_component id="oc-cd">
         <name>EPwm1RegsFile</name>
         <uninitialized>true</uninitialized>
         <run_address>0x6800</run_address>
         <size>0x22</size>
         <input_file_ref idref="fl-13"/>
      </object_component>
      <object_component id="oc-cc">
         <name>EPwm2RegsFile</name>
         <uninitialized>true</uninitialized>
         <run_address>0x6840</run_address>
         <size>0x22</size>
         <input_file_ref idref="fl-13"/>
      </object_component>
      <object_component id="oc-ce">
         <name>EPwm3RegsFile</name>
         <uninitialized>true</uninitialized>
         <run_address>0x6880</run_address>
         <size>0x22</size>
         <input_file_ref idref="fl-13"/>
      </object_component>
      <object_component id="oc-d0">
         <name>EPwm4RegsFile</name>
         <uninitialized>true</uninitialized>
         <run_address>0x68c0</run_address>
         <size>0x22</size>
         <input_file_ref idref="fl-13"/>
      </object_component>
      <object_component id="oc-cf">
         <name>EPwm5RegsFile</name>
         <uninitialized>true</uninitialized>
         <run_address>0x6900</run_address>
         <size>0x22</size>
         <input_file_ref idref="fl-13"/>
      </object_component>
      <object_component id="oc-d1">
         <name>EPwm6RegsFile</name>
         <uninitialized>true</uninitialized>
         <run_address>0x6940</run_address>
         <size>0x22</size>
         <input_file_ref idref="fl-13"/>
      </object_component>
      <object_component id="oc-c9">
         <name>ECap1RegsFile</name>
         <uninitialized>true</uninitialized>
         <run_address>0x6a00</run_address>
         <size>0x20</size>
         <input_file_ref idref="fl-13"/>
      </object_component>
      <object_component id="oc-c5">
         <name>ECap2RegsFile</name>
         <uninitialized>true</uninitialized>
         <run_address>0x6a20</run_address>
         <size>0x20</size>
         <input_file_ref idref="fl-13"/>
      </object_component>
      <object_component id="oc-c6">
         <name>ECap3RegsFile</name>
         <uninitialized>true</uninitialized>
         <run_address>0x6a40</run_address>
         <size>0x20</size>
         <input_file_ref idref="fl-13"/>
      </object_component>
      <object_component id="oc-c3">
         <name>ECap4RegsFile</name>
         <uninitialized>true</uninitialized>
         <run_address>0x6a60</run_address>
         <size>0x20</size>
         <input_file_ref idref="fl-13"/>
      </object_component>
      <object_component id="oc-c4">
         <name>ECap5RegsFile</name>
         <uninitialized>true</uninitialized>
         <run_address>0x6a80</run_address>
         <size>0x20</size>
         <input_file_ref idref="fl-13"/>
      </object_component>
      <object_component id="oc-ca">
         <name>ECap6RegsFile</name>
         <uninitialized>true</uninitialized>
         <run_address>0x6aa0</run_address>
         <size>0x20</size>
         <input_file_ref idref="fl-13"/>
      </object_component>
      <object_component id="oc-de">
         <name>EQep1RegsFile</name>
         <uninitialized>true</uninitialized>
         <run_address>0x6b00</run_address>
         <size>0x40</size>
         <input_file_ref idref="fl-13"/>
      </object_component>
      <object_component id="oc-dc">
         <name>EQep2RegsFile</name>
         <uninitialized>true</uninitialized>
         <run_address>0x6b40</run_address>
         <size>0x40</size>
         <input_file_ref idref="fl-13"/>
      </object_component>
      <object_component id="oc-d4">
         <name>GpioCtrlRegsFile</name>
         <uninitialized>true</uninitialized>
         <run_address>0x6f80</run_address>
         <size>0x2e</size>
         <input_file_ref idref="fl-13"/>
      </object_component>
      <object_component id="oc-c7">
         <name>GpioDataRegsFile</name>
         <uninitialized>true</uninitialized>
         <run_address>0x6fc0</run_address>
         <size>0x20</size>
         <input_file_ref idref="fl-13"/>
      </object_component>
      <object_component id="oc-b8">
         <name>GpioIntRegsFile</name>
         <uninitialized>true</uninitialized>
         <run_address>0x6fe0</run_address>
         <size>0xa</size>
         <input_file_ref idref="fl-13"/>
      </object_component>
      <object_component id="oc-c8">
         <name>SysCtrlRegsFile</name>
         <uninitialized>true</uninitialized>
         <run_address>0x7010</run_address>
         <size>0x20</size>
         <input_file_ref idref="fl-13"/>
      </object_component>
      <object_component id="oc-bb">
         <name>SpiaRegsFile</name>
         <uninitialized>true</uninitialized>
         <run_address>0x7040</run_address>
         <size>0x10</size>
         <input_file_ref idref="fl-13"/>
      </object_component>
      <object_component id="oc-bc">
         <name>SciaRegsFile</name>
         <uninitialized>true</uninitialized>
         <run_address>0x7050</run_address>
         <size>0x10</size>
         <input_file_ref idref="fl-13"/>
      </object_component>
      <object_component id="oc-bd">
         <name>XIntruptRegsFile</name>
         <uninitialized>true</uninitialized>
         <run_address>0x7070</run_address>
         <size>0x10</size>
         <input_file_ref idref="fl-13"/>
      </object_component>
      <object_component id="oc-c1">
         <name>AdcRegsFile</name>
         <uninitialized>true</uninitialized>
         <run_address>0x7100</run_address>
         <size>0x1e</size>
         <input_file_ref idref="fl-13"/>
      </object_component>
      <object_component id="oc-ba">
         <name>ScibRegsFile</name>
         <uninitialized>true</uninitialized>
         <run_address>0x7750</run_address>
         <size>0x10</size>
         <input_file_ref idref="fl-13"/>
      </object_component>
      <object_component id="oc-b9">
         <name>ScicRegsFile</name>
         <uninitialized>true</uninitialized>
         <run_address>0x7770</run_address>
         <size>0x10</size>
         <input_file_ref idref="fl-13"/>
      </object_component>
      <object_component id="oc-cb">
         <name>I2caRegsFile</name>
         <uninitialized>true</uninitialized>
         <run_address>0x7900</run_address>
         <size>0x22</size>
         <input_file_ref idref="fl-13"/>
      </object_component>
      <object_component id="oc-b7">
         <name>CsmPwlFile</name>
         <uninitialized>true</uninitialized>
         <run_address>0x33fff8</run_address>
         <size>0x8</size>
         <input_file_ref idref="fl-13"/>
      </object_component>
      <object_component id="oc-121">
         <name>.cinit</name>
         <load_address>0x339208</load_address>
         <run_address>0x339208</run_address>
         <size>0xa</size>
         <input_file_ref idref="fl-27"/>
      </object_component>
      <object_component id="oc-11a">
         <name>.cinit</name>
         <load_address>0x339212</load_address>
         <run_address>0x339212</run_address>
         <size>0xa</size>
         <input_file_ref idref="fl-26"/>
      </object_component>
      <object_component id="oc-83">
         <name>.cinit</name>
         <load_address>0x33921c</load_address>
         <run_address>0x33921c</run_address>
         <size>0x4</size>
         <input_file_ref idref="fl-a"/>
      </object_component>
      <object_component id="oc-73">
         <name>.cinit</name>
         <load_address>0x339220</load_address>
         <run_address>0x339220</run_address>
         <size>0x4</size>
         <input_file_ref idref="fl-8"/>
      </object_component>
      <object_component id="oc-81">
         <name>.text</name>
         <load_address>0x338000</load_address>
         <run_address>0x338000</run_address>
         <size>0x25a</size>
         <input_file_ref idref="fl-a"/>
      </object_component>
      <object_component id="oc-71">
         <name>.text</name>
         <load_address>0x33825a</load_address>
         <run_address>0x33825a</run_address>
         <size>0x207</size>
         <input_file_ref idref="fl-8"/>
      </object_component>
      <object_component id="oc-79">
         <name>.text</name>
         <load_address>0x338461</load_address>
         <run_address>0x338461</run_address>
         <size>0x1f2</size>
         <input_file_ref idref="fl-9"/>
      </object_component>
      <object_component id="oc-ef">
         <name>.text</name>
         <load_address>0x338653</load_address>
         <run_address>0x338653</run_address>
         <size>0x1d9</size>
         <input_file_ref idref="fl-16"/>
      </object_component>
      <object_component id="oc-f9">
         <name>.text:retain</name>
         <load_address>0x33882c</load_address>
         <run_address>0x33882c</run_address>
         <size>0x190</size>
         <input_file_ref idref="fl-18"/>
      </object_component>
      <object_component id="oc-e5">
         <name>.text</name>
         <load_address>0x3389bc</load_address>
         <run_address>0x3389bc</run_address>
         <size>0x181</size>
         <input_file_ref idref="fl-14"/>
      </object_component>
      <object_component id="oc-52">
         <name>.text</name>
         <load_address>0x338b3d</load_address>
         <run_address>0x338b3d</run_address>
         <size>0xde</size>
         <input_file_ref idref="fl-3"/>
      </object_component>
      <object_component id="oc-8d">
         <name>.text</name>
         <load_address>0x338c1b</load_address>
         <run_address>0x338c1b</run_address>
         <size>0xd5</size>
         <input_file_ref idref="fl-c"/>
      </object_component>
      <object_component id="oc-6c">
         <name>.text</name>
         <load_address>0x338cf0</load_address>
         <run_address>0x338cf0</run_address>
         <size>0xce</size>
         <input_file_ref idref="fl-7"/>
      </object_component>
      <object_component id="oc-98">
         <name>.text</name>
         <load_address>0x338dbe</load_address>
         <run_address>0x338dbe</run_address>
         <size>0x8e</size>
         <input_file_ref idref="fl-e"/>
      </object_component>
      <object_component id="oc-ea">
         <name>.text</name>
         <load_address>0x338e4c</load_address>
         <run_address>0x338e4c</run_address>
         <size>0x73</size>
         <input_file_ref idref="fl-15"/>
      </object_component>
      <object_component id="oc-ad">
         <name>.text</name>
         <load_address>0x338ebf</load_address>
         <run_address>0x338ebf</run_address>
         <size>0x72</size>
         <input_file_ref idref="fl-12"/>
      </object_component>
      <object_component id="oc-4b">
         <name>.text</name>
         <load_address>0x338f31</load_address>
         <run_address>0x338f31</run_address>
         <size>0x44</size>
         <input_file_ref idref="fl-25"/>
      </object_component>
      <object_component id="oc-108">
         <name>.text</name>
         <load_address>0x338f75</load_address>
         <run_address>0x338f75</run_address>
         <size>0x41</size>
         <input_file_ref idref="fl-1c"/>
      </object_component>
      <object_component id="oc-9d">
         <name>.text</name>
         <load_address>0x338fb6</load_address>
         <run_address>0x338fb6</run_address>
         <size>0x38</size>
         <input_file_ref idref="fl-f"/>
      </object_component>
      <object_component id="oc-a3">
         <name>.text</name>
         <load_address>0x338fee</load_address>
         <run_address>0x338fee</run_address>
         <size>0x34</size>
         <input_file_ref idref="fl-10"/>
      </object_component>
      <object_component id="oc-93">
         <name>.text</name>
         <load_address>0x339022</load_address>
         <run_address>0x339022</run_address>
         <size>0x2a</size>
         <input_file_ref idref="fl-d"/>
      </object_component>
      <object_component id="oc-5e">
         <name>.text</name>
         <load_address>0x33904c</load_address>
         <run_address>0x33904c</run_address>
         <size>0x2a</size>
         <input_file_ref idref="fl-5"/>
      </object_component>
      <object_component id="oc-65">
         <name>.text</name>
         <load_address>0x339076</load_address>
         <run_address>0x339076</run_address>
         <size>0x24</size>
         <input_file_ref idref="fl-6"/>
      </object_component>
      <object_component id="oc-12a">
         <name>.text</name>
         <load_address>0x33909a</load_address>
         <run_address>0x33909a</run_address>
         <size>0x19</size>
         <input_file_ref idref="fl-29"/>
      </object_component>
      <object_component id="oc-118">
         <name>.text</name>
         <load_address>0x3390b3</load_address>
         <run_address>0x3390b3</run_address>
         <size>0x19</size>
         <input_file_ref idref="fl-26"/>
      </object_component>
      <object_component id="oc-a8">
         <name>.text</name>
         <load_address>0x3390cc</load_address>
         <run_address>0x3390cc</run_address>
         <size>0x15</size>
         <input_file_ref idref="fl-11"/>
      </object_component>
      <object_component id="oc-126">
         <name>.text</name>
         <load_address>0x3390e1</load_address>
         <run_address>0x3390e1</run_address>
         <size>0xb</size>
         <input_file_ref idref="fl-28"/>
      </object_component>
      <object_component id="oc-11f">
         <name>.text</name>
         <load_address>0x3390ec</load_address>
         <run_address>0x3390ec</run_address>
         <size>0x9</size>
         <input_file_ref idref="fl-27"/>
      </object_component>
      <object_component id="oc-101">
         <name>.text</name>
         <load_address>0x3390f5</load_address>
         <run_address>0x3390f5</run_address>
         <size>0x8</size>
         <input_file_ref idref="fl-1a"/>
      </object_component>
      <object_component id="oc-f4">
         <name>.text</name>
         <load_address>0x3390fd</load_address>
         <run_address>0x3390fd</run_address>
         <size>0x7</size>
         <input_file_ref idref="fl-17"/>
      </object_component>
      <object_component id="oc-fd">
         <name>.text</name>
         <load_address>0x339104</load_address>
         <run_address>0x339104</run_address>
         <size>0x3</size>
         <input_file_ref idref="fl-19"/>
      </object_component>
      <object_component id="oc-102">
         <name>codestart</name>
         <load_address>0x33fff6</load_address>
         <run_address>0x33fff6</run_address>
         <size>0x2</size>
         <input_file_ref idref="fl-1a"/>
      </object_component>
      <object_component id="oc-61">
         <name>ramfuncs</name>
         <load_address>0x320000</load_address>
         <run_address>0x8000</run_address>
         <size>0x2af</size>
         <input_file_ref idref="fl-5"/>
      </object_component>
      <object_component id="oc-68">
         <name>ramfuncs</name>
         <load_address>0x3202af</load_address>
         <run_address>0x82af</run_address>
         <size>0xad</size>
         <input_file_ref idref="fl-6"/>
      </object_component>
      <object_component id="oc-5a">
         <name>ramfuncs:retain</name>
         <load_address>0x32035c</load_address>
         <run_address>0x835c</run_address>
         <size>0x6d</size>
         <input_file_ref idref="fl-4"/>
      </object_component>
      <object_component id="oc-85">
         <name>ramfuncs</name>
         <load_address>0x3203c9</load_address>
         <run_address>0x83c9</run_address>
         <size>0x60</size>
         <input_file_ref idref="fl-a"/>
      </object_component>
      <object_component id="oc-4e">
         <name>ramfuncs</name>
         <load_address>0x320429</load_address>
         <run_address>0x8429</run_address>
         <size>0x55</size>
         <input_file_ref idref="fl-2"/>
      </object_component>
      <object_component id="oc-7d">
         <name>ramfuncs</name>
         <load_address>0x32047e</load_address>
         <run_address>0x847e</run_address>
         <size>0x51</size>
         <input_file_ref idref="fl-9"/>
      </object_component>
      <object_component id="oc-75">
         <name>ramfuncs:retain</name>
         <load_address>0x3204cf</load_address>
         <run_address>0x84cf</run_address>
         <size>0x50</size>
         <input_file_ref idref="fl-8"/>
      </object_component>
      <object_component id="oc-7c">
         <name>ramfuncs:retain</name>
         <load_address>0x32051f</load_address>
         <run_address>0x851f</run_address>
         <size>0x37</size>
         <input_file_ref idref="fl-9"/>
      </object_component>
      <object_component id="oc-8f">
         <name>ramfuncs</name>
         <load_address>0x320556</load_address>
         <run_address>0x8556</run_address>
         <size>0x1b</size>
         <input_file_ref idref="fl-c"/>
      </object_component>
      <object_component id="oc-89">
         <name>ramfuncs</name>
         <load_address>0x320571</load_address>
         <run_address>0x8571</run_address>
         <size>0x4</size>
         <input_file_ref idref="fl-b"/>
      </object_component>
      <object_component id="oc-106">
         <name>csmpasswds</name>
         <load_address>0x33fff8</load_address>
         <run_address>0x33fff8</run_address>
         <size>0x8</size>
         <input_file_ref idref="fl-1b"/>
      </object_component>
      <object_component id="oc-107">
         <name>csm_rsvd</name>
         <load_address>0x33ff80</load_address>
         <run_address>0x33ff80</run_address>
         <size>0x76</size>
         <input_file_ref idref="fl-1b"/>
      </object_component>
      <object_component id="oc-113">
         <name>.stack</name>
         <uninitialized>true</uninitialized>
         <run_address>0x400</run_address>
         <size>0x0</size>
         <input_file_ref idref="fl-25"/>
      </object_component>
      <object_component id="oc-181">
         <name>.stack</name>
         <uninitialized>true</uninitialized>
         <run_address>0x400</run_address>
         <size>0x0</size>
      </object_component>
      <object_component id="oc-4d">
         <name>.ebss</name>
         <uninitialized>true</uninitialized>
         <run_address>0xc190</run_address>
         <size>0x14</size>
         <input_file_ref idref="fl-2"/>
      </object_component>
      <object_component id="oc-54">
         <name>.ebss</name>
         <uninitialized>true</uninitialized>
         <run_address>0xc0fe</run_address>
         <size>0x2</size>
         <input_file_ref idref="fl-3"/>
      </object_component>
      <object_component id="oc-59">
         <name>.ebss</name>
         <uninitialized>true</uninitialized>
         <run_address>0xc1a8</run_address>
         <size>0x1</size>
         <input_file_ref idref="fl-4"/>
      </object_component>
      <object_component id="oc-60">
         <name>.ebss</name>
         <uninitialized>true</uninitialized>
         <run_address>0xc000</run_address>
         <size>0xe4</size>
         <input_file_ref idref="fl-5"/>
      </object_component>
      <object_component id="oc-67">
         <name>.ebss</name>
         <uninitialized>true</uninitialized>
         <run_address>0xc0e4</run_address>
         <size>0x16</size>
         <input_file_ref idref="fl-6"/>
      </object_component>
      <object_component id="oc-74">
         <name>.ebss</name>
         <uninitialized>true</uninitialized>
         <run_address>0xc1c0</run_address>
         <size>0x7a</size>
         <input_file_ref idref="fl-8"/>
      </object_component>
      <object_component id="oc-7b">
         <name>.ebss</name>
         <uninitialized>true</uninitialized>
         <run_address>0xc240</run_address>
         <size>0x72</size>
         <input_file_ref idref="fl-9"/>
      </object_component>
      <object_component id="oc-84">
         <name>.ebss</name>
         <uninitialized>true</uninitialized>
         <run_address>0xc100</run_address>
         <size>0x90</size>
         <input_file_ref idref="fl-a"/>
      </object_component>
      <object_component id="oc-11b">
         <name>.ebss</name>
         <uninitialized>true</uninitialized>
         <run_address>0xc1a4</run_address>
         <size>0x4</size>
         <input_file_ref idref="fl-26"/>
      </object_component>
      <object_component id="oc-122">
         <name>.ebss</name>
         <uninitialized>true</uninitialized>
         <run_address>0xc0fa</run_address>
         <size>0x4</size>
         <input_file_ref idref="fl-27"/>
      </object_component>
      <object_component id="oc-9f">
         <name>.econst</name>
         <load_address>0x339108</load_address>
         <run_address>0x339108</run_address>
         <size>0x100</size>
         <input_file_ref idref="fl-f"/>
      </object_component>
      <object_component id="oc-111">
         <name>IQmath</name>
         <load_address>0x320575</load_address>
         <run_address>0x9000</run_address>
         <size>0x47</size>
         <input_file_ref idref="fl-23"/>
      </object_component>
      <object_component id="oc-112">
         <name>IQmathTables</name>
         <load_address>0x3fe000</load_address>
         <run_address>0x3fe000</run_address>
         <size>0xb50</size>
         <input_file_ref idref="fl-24"/>
      </object_component>
      <object_component id="oc-114">
         <name>.reset</name>
         <load_address>0x3fffc0</load_address>
         <run_address>0x3fffc0</run_address>
         <size>0x2</size>
         <input_file_ref idref="fl-25"/>
      </object_component>
      <object_component id="oc-10d">
         <name>.adc_cal</name>
         <load_address>0x380080</load_address>
         <run_address>0x380080</run_address>
         <size>0x7</size>
         <input_file_ref idref="fl-1d"/>
      </object_component>
      <object_component id="oc-4c">
         <name>.debug_info</name>
         <load_address>0x0</load_address>
         <run_address>0x0</run_address>
         <size>0x490</size>
         <input_file_ref idref="fl-2"/>
      </object_component>
      <object_component id="oc-53">
         <name>.debug_info</name>
         <load_address>0x490</load_address>
         <run_address>0x490</run_address>
         <size>0x2ad2</size>
         <input_file_ref idref="fl-3"/>
      </object_component>
      <object_component id="oc-58">
         <name>.debug_info</name>
         <load_address>0x2f62</load_address>
         <run_address>0x2f62</run_address>
         <size>0x333e</size>
         <input_file_ref idref="fl-4"/>
      </object_component>
      <object_component id="oc-5f">
         <name>.debug_info</name>
         <load_address>0x62a0</load_address>
         <run_address>0x62a0</run_address>
         <size>0x297c</size>
         <input_file_ref idref="fl-5"/>
      </object_component>
      <object_component id="oc-66">
         <name>.debug_info</name>
         <load_address>0x8c1c</load_address>
         <run_address>0x8c1c</run_address>
         <size>0x5217</size>
         <input_file_ref idref="fl-6"/>
      </object_component>
      <object_component id="oc-6d">
         <name>.debug_info</name>
         <load_address>0xde33</load_address>
         <run_address>0xde33</run_address>
         <size>0x1d56</size>
         <input_file_ref idref="fl-7"/>
      </object_component>
      <object_component id="oc-72">
         <name>.debug_info</name>
         <load_address>0xfb89</load_address>
         <run_address>0xfb89</run_address>
         <size>0x2479</size>
         <input_file_ref idref="fl-8"/>
      </object_component>
      <object_component id="oc-7a">
         <name>.debug_info</name>
         <load_address>0x12002</load_address>
         <run_address>0x12002</run_address>
         <size>0x28ae</size>
         <input_file_ref idref="fl-9"/>
      </object_component>
      <object_component id="oc-82">
         <name>.debug_info</name>
         <load_address>0x148b0</load_address>
         <run_address>0x148b0</run_address>
         <size>0x1946</size>
         <input_file_ref idref="fl-a"/>
      </object_component>
      <object_component id="oc-8a">
         <name>.debug_info</name>
         <load_address>0x161f6</load_address>
         <run_address>0x161f6</run_address>
         <size>0x14a</size>
         <input_file_ref idref="fl-b"/>
      </object_component>
      <object_component id="oc-8e">
         <name>.debug_info</name>
         <load_address>0x16340</load_address>
         <run_address>0x16340</run_address>
         <size>0x20af</size>
         <input_file_ref idref="fl-c"/>
      </object_component>
      <object_component id="oc-94">
         <name>.debug_info</name>
         <load_address>0x183ef</load_address>
         <run_address>0x183ef</run_address>
         <size>0x1ccd</size>
         <input_file_ref idref="fl-d"/>
      </object_component>
      <object_component id="oc-99">
         <name>.debug_info</name>
         <load_address>0x1a0bc</load_address>
         <run_address>0x1a0bc</run_address>
         <size>0x28a6</size>
         <input_file_ref idref="fl-e"/>
      </object_component>
      <object_component id="oc-9e">
         <name>.debug_info</name>
         <load_address>0x1c962</load_address>
         <run_address>0x1c962</run_address>
         <size>0x2303</size>
         <input_file_ref idref="fl-f"/>
      </object_component>
      <object_component id="oc-a4">
         <name>.debug_info</name>
         <load_address>0x1ec65</load_address>
         <run_address>0x1ec65</run_address>
         <size>0xb4f</size>
         <input_file_ref idref="fl-10"/>
      </object_component>
      <object_component id="oc-a9">
         <name>.debug_info</name>
         <load_address>0x1f7b4</load_address>
         <run_address>0x1f7b4</run_address>
         <size>0x440</size>
         <input_file_ref idref="fl-11"/>
      </object_component>
      <object_component id="oc-ae">
         <name>.debug_info</name>
         <load_address>0x1fbf4</load_address>
         <run_address>0x1fbf4</run_address>
         <size>0x1cfc</size>
         <input_file_ref idref="fl-12"/>
      </object_component>
      <object_component id="oc-b2">
         <name>.debug_info</name>
         <load_address>0x218f0</load_address>
         <run_address>0x218f0</run_address>
         <size>0x12d1b</size>
         <input_file_ref idref="fl-13"/>
      </object_component>
      <object_component id="oc-e6">
         <name>.debug_info</name>
         <load_address>0x3460b</load_address>
         <run_address>0x3460b</run_address>
         <size>0x4061</size>
         <input_file_ref idref="fl-14"/>
      </object_component>
      <object_component id="oc-eb">
         <name>.debug_info</name>
         <load_address>0x3866c</load_address>
         <run_address>0x3866c</run_address>
         <size>0x2706</size>
         <input_file_ref idref="fl-15"/>
      </object_component>
      <object_component id="oc-f0">
         <name>.debug_info</name>
         <load_address>0x3ad72</load_address>
         <run_address>0x3ad72</run_address>
         <size>0x608c</size>
         <input_file_ref idref="fl-16"/>
      </object_component>
      <object_component id="oc-f5">
         <name>.debug_info</name>
         <load_address>0x40dfe</load_address>
         <run_address>0x40dfe</run_address>
         <size>0x14e</size>
         <input_file_ref idref="fl-17"/>
      </object_component>
      <object_component id="oc-f8">
         <name>.debug_info</name>
         <load_address>0x40f4c</load_address>
         <run_address>0x40f4c</run_address>
         <size>0x3ad2</size>
         <input_file_ref idref="fl-18"/>
      </object_component>
      <object_component id="oc-fe">
         <name>.debug_info</name>
         <load_address>0x44a1e</load_address>
         <run_address>0x44a1e</run_address>
         <size>0x148</size>
         <input_file_ref idref="fl-19"/>
      </object_component>
      <object_component id="oc-103">
         <name>.debug_info</name>
         <load_address>0x44b66</load_address>
         <run_address>0x44b66</run_address>
         <size>0x1b2</size>
         <input_file_ref idref="fl-1a"/>
      </object_component>
      <object_component id="oc-109">
         <name>.debug_info</name>
         <load_address>0x44d18</load_address>
         <run_address>0x44d18</run_address>
         <size>0x1e33</size>
         <input_file_ref idref="fl-1c"/>
      </object_component>
      <object_component id="oc-10e">
         <name>.debug_info</name>
         <load_address>0x46b4b</load_address>
         <run_address>0x46b4b</run_address>
         <size>0x14a</size>
         <input_file_ref idref="fl-1d"/>
      </object_component>
      <object_component id="oc-115">
         <name>.debug_info</name>
         <load_address>0x46c95</load_address>
         <run_address>0x46c95</run_address>
         <size>0xde</size>
         <input_file_ref idref="fl-25"/>
      </object_component>
      <object_component id="oc-119">
         <name>.debug_info</name>
         <load_address>0x46d73</load_address>
         <run_address>0x46d73</run_address>
         <size>0x3d6</size>
         <input_file_ref idref="fl-26"/>
      </object_component>
      <object_component id="oc-120">
         <name>.debug_info</name>
         <load_address>0x47149</load_address>
         <run_address>0x47149</run_address>
         <size>0x3fc</size>
         <input_file_ref idref="fl-27"/>
      </object_component>
      <object_component id="oc-127">
         <name>.debug_info</name>
         <load_address>0x47545</load_address>
         <run_address>0x47545</run_address>
         <size>0xeb</size>
         <input_file_ref idref="fl-28"/>
      </object_component>
      <object_component id="oc-12b">
         <name>.debug_info</name>
         <load_address>0x47630</load_address>
         <run_address>0x47630</run_address>
         <size>0x3bd</size>
         <input_file_ref idref="fl-29"/>
      </object_component>
      <object_component id="oc-182">
         <name>.debug_info</name>
         <load_address>0x479ed</load_address>
         <run_address>0x479ed</run_address>
         <size>0x6f</size>
      </object_component>
      <object_component id="oc-4f">
         <name>.debug_frame</name>
         <load_address>0x0</load_address>
         <run_address>0x0</run_address>
         <size>0x8c</size>
         <input_file_ref idref="fl-2"/>
      </object_component>
      <object_component id="oc-55">
         <name>.debug_frame</name>
         <load_address>0x8c</load_address>
         <run_address>0x8c</run_address>
         <size>0x99</size>
         <input_file_ref idref="fl-3"/>
      </object_component>
      <object_component id="oc-5b">
         <name>.debug_frame</name>
         <load_address>0x125</load_address>
         <run_address>0x125</run_address>
         <size>0xf0</size>
         <input_file_ref idref="fl-4"/>
      </object_component>
      <object_component id="oc-62">
         <name>.debug_frame</name>
         <load_address>0x215</load_address>
         <run_address>0x215</run_address>
         <size>0x117</size>
         <input_file_ref idref="fl-5"/>
      </object_component>
      <object_component id="oc-69">
         <name>.debug_frame</name>
         <load_address>0x32c</load_address>
         <run_address>0x32c</run_address>
         <size>0xb9</size>
         <input_file_ref idref="fl-6"/>
      </object_component>
      <object_component id="oc-6e">
         <name>.debug_frame</name>
         <load_address>0x3e5</load_address>
         <run_address>0x3e5</run_address>
         <size>0x130</size>
         <input_file_ref idref="fl-7"/>
      </object_component>
      <object_component id="oc-76">
         <name>.debug_frame</name>
         <load_address>0x515</load_address>
         <run_address>0x515</run_address>
         <size>0x144</size>
         <input_file_ref idref="fl-8"/>
      </object_component>
      <object_component id="oc-7e">
         <name>.debug_frame</name>
         <load_address>0x659</load_address>
         <run_address>0x659</run_address>
         <size>0x151</size>
         <input_file_ref idref="fl-9"/>
      </object_component>
      <object_component id="oc-86">
         <name>.debug_frame</name>
         <load_address>0x7aa</load_address>
         <run_address>0x7aa</run_address>
         <size>0x12e</size>
         <input_file_ref idref="fl-a"/>
      </object_component>
      <object_component id="oc-90">
         <name>.debug_frame</name>
         <load_address>0x8d8</load_address>
         <run_address>0x8d8</run_address>
         <size>0x119</size>
         <input_file_ref idref="fl-c"/>
      </object_component>
      <object_component id="oc-95">
         <name>.debug_frame</name>
         <load_address>0x9f1</load_address>
         <run_address>0x9f1</run_address>
         <size>0xac</size>
         <input_file_ref idref="fl-d"/>
      </object_component>
      <object_component id="oc-9a">
         <name>.debug_frame</name>
         <load_address>0xa9d</load_address>
         <run_address>0xa9d</run_address>
         <size>0xdc</size>
         <input_file_ref idref="fl-e"/>
      </object_component>
      <object_component id="oc-a0">
         <name>.debug_frame</name>
         <load_address>0xb79</load_address>
         <run_address>0xb79</run_address>
         <size>0x82</size>
         <input_file_ref idref="fl-f"/>
      </object_component>
      <object_component id="oc-a5">
         <name>.debug_frame</name>
         <load_address>0xbfb</load_address>
         <run_address>0xbfb</run_address>
         <size>0x94</size>
         <input_file_ref idref="fl-10"/>
      </object_component>
      <object_component id="oc-aa">
         <name>.debug_frame</name>
         <load_address>0xc8f</load_address>
         <run_address>0xc8f</run_address>
         <size>0x82</size>
         <input_file_ref idref="fl-11"/>
      </object_component>
      <object_component id="oc-af">
         <name>.debug_frame</name>
         <load_address>0xd11</load_address>
         <run_address>0xd11</run_address>
         <size>0x7c</size>
         <input_file_ref idref="fl-12"/>
      </object_component>
      <object_component id="oc-e7">
         <name>.debug_frame</name>
         <load_address>0xd8d</load_address>
         <run_address>0xd8d</run_address>
         <size>0x155</size>
         <input_file_ref idref="fl-14"/>
      </object_component>
      <object_component id="oc-ec">
         <name>.debug_frame</name>
         <load_address>0xee2</load_address>
         <run_address>0xee2</run_address>
         <size>0x124</size>
         <input_file_ref idref="fl-15"/>
      </object_component>
      <object_component id="oc-f1">
         <name>.debug_frame</name>
         <load_address>0x1006</load_address>
         <run_address>0x1006</run_address>
         <size>0x102</size>
         <input_file_ref idref="fl-16"/>
      </object_component>
      <object_component id="oc-fa">
         <name>.debug_frame</name>
         <load_address>0x1108</load_address>
         <run_address>0x1108</run_address>
         <size>0x7e4</size>
         <input_file_ref idref="fl-18"/>
      </object_component>
      <object_component id="oc-10a">
         <name>.debug_frame</name>
         <load_address>0x18ec</load_address>
         <run_address>0x18ec</run_address>
         <size>0x94</size>
         <input_file_ref idref="fl-1c"/>
      </object_component>
      <object_component id="oc-11c">
         <name>.debug_frame</name>
         <load_address>0x1980</load_address>
         <run_address>0x1980</run_address>
         <size>0x9d</size>
         <input_file_ref idref="fl-26"/>
      </object_component>
      <object_component id="oc-123">
         <name>.debug_frame</name>
         <load_address>0x1a1d</load_address>
         <run_address>0x1a1d</run_address>
         <size>0xac</size>
         <input_file_ref idref="fl-27"/>
      </object_component>
      <object_component id="oc-12c">
         <name>.debug_frame</name>
         <load_address>0x1ac9</load_address>
         <run_address>0x1ac9</run_address>
         <size>0x7c</size>
         <input_file_ref idref="fl-29"/>
      </object_component>
      <object_component id="oc-50">
         <name>.debug_line</name>
         <load_address>0x0</load_address>
         <run_address>0x0</run_address>
         <size>0x87</size>
         <input_file_ref idref="fl-2"/>
      </object_component>
      <object_component id="oc-56">
         <name>.debug_line</name>
         <load_address>0x87</load_address>
         <run_address>0x87</run_address>
         <size>0xf2</size>
         <input_file_ref idref="fl-3"/>
      </object_component>
      <object_component id="oc-5c">
         <name>.debug_line</name>
         <load_address>0x179</load_address>
         <run_address>0x179</run_address>
         <size>0xaf</size>
         <input_file_ref idref="fl-4"/>
      </object_component>
      <object_component id="oc-63">
         <name>.debug_line</name>
         <load_address>0x228</load_address>
         <run_address>0x228</run_address>
         <size>0x282</size>
         <input_file_ref idref="fl-5"/>
      </object_component>
      <object_component id="oc-6a">
         <name>.debug_line</name>
         <load_address>0x4aa</load_address>
         <run_address>0x4aa</run_address>
         <size>0xd3</size>
         <input_file_ref idref="fl-6"/>
      </object_component>
      <object_component id="oc-6f">
         <name>.debug_line</name>
         <load_address>0x57d</load_address>
         <run_address>0x57d</run_address>
         <size>0x137</size>
         <input_file_ref idref="fl-7"/>
      </object_component>
      <object_component id="oc-77">
         <name>.debug_line</name>
         <load_address>0x6b4</load_address>
         <run_address>0x6b4</run_address>
         <size>0x1d6</size>
         <input_file_ref idref="fl-8"/>
      </object_component>
      <object_component id="oc-7f">
         <name>.debug_line</name>
         <load_address>0x88a</load_address>
         <run_address>0x88a</run_address>
         <size>0x305</size>
         <input_file_ref idref="fl-9"/>
      </object_component>
      <object_component id="oc-87">
         <name>.debug_line</name>
         <load_address>0xb8f</load_address>
         <run_address>0xb8f</run_address>
         <size>0x1e2</size>
         <input_file_ref idref="fl-a"/>
      </object_component>
      <object_component id="oc-8b">
         <name>.debug_line</name>
         <load_address>0xd71</load_address>
         <run_address>0xd71</run_address>
         <size>0x70</size>
         <input_file_ref idref="fl-b"/>
      </object_component>
      <object_component id="oc-91">
         <name>.debug_line</name>
         <load_address>0xde1</load_address>
         <run_address>0xde1</run_address>
         <size>0x17e</size>
         <input_file_ref idref="fl-c"/>
      </object_component>
      <object_component id="oc-96">
         <name>.debug_line</name>
         <load_address>0xf5f</load_address>
         <run_address>0xf5f</run_address>
         <size>0xa8</size>
         <input_file_ref idref="fl-d"/>
      </object_component>
      <object_component id="oc-9b">
         <name>.debug_line</name>
         <load_address>0x1007</load_address>
         <run_address>0x1007</run_address>
         <size>0x12f</size>
         <input_file_ref idref="fl-e"/>
      </object_component>
      <object_component id="oc-a1">
         <name>.debug_line</name>
         <load_address>0x1136</load_address>
         <run_address>0x1136</run_address>
         <size>0x98</size>
         <input_file_ref idref="fl-f"/>
      </object_component>
      <object_component id="oc-a6">
         <name>.debug_line</name>
         <load_address>0x11ce</load_address>
         <run_address>0x11ce</run_address>
         <size>0xb4</size>
         <input_file_ref idref="fl-10"/>
      </object_component>
      <object_component id="oc-ab">
         <name>.debug_line</name>
         <load_address>0x1282</load_address>
         <run_address>0x1282</run_address>
         <size>0x7f</size>
         <input_file_ref idref="fl-11"/>
      </object_component>
      <object_component id="oc-b0">
         <name>.debug_line</name>
         <load_address>0x1301</load_address>
         <run_address>0x1301</run_address>
         <size>0x9d</size>
         <input_file_ref idref="fl-12"/>
      </object_component>
      <object_component id="oc-e8">
         <name>.debug_line</name>
         <load_address>0x139e</load_address>
         <run_address>0x139e</run_address>
         <size>0x1e9</size>
         <input_file_ref idref="fl-14"/>
      </object_component>
      <object_component id="oc-ed">
         <name>.debug_line</name>
         <load_address>0x1587</load_address>
         <run_address>0x1587</run_address>
         <size>0x152</size>
         <input_file_ref idref="fl-15"/>
      </object_component>
      <object_component id="oc-f2">
         <name>.debug_line</name>
         <load_address>0x16d9</load_address>
         <run_address>0x16d9</run_address>
         <size>0x210</size>
         <input_file_ref idref="fl-16"/>
      </object_component>
      <object_component id="oc-f6">
         <name>.debug_line</name>
         <load_address>0x18e9</load_address>
         <run_address>0x18e9</run_address>
         <size>0x73</size>
         <input_file_ref idref="fl-17"/>
      </object_component>
      <object_component id="oc-fb">
         <name>.debug_line</name>
         <load_address>0x195c</load_address>
         <run_address>0x195c</run_address>
         <size>0x784</size>
         <input_file_ref idref="fl-18"/>
      </object_component>
      <object_component id="oc-ff">
         <name>.debug_line</name>
         <load_address>0x20e0</load_address>
         <run_address>0x20e0</run_address>
         <size>0x6f</size>
         <input_file_ref idref="fl-19"/>
      </object_component>
      <object_component id="oc-104">
         <name>.debug_line</name>
         <load_address>0x214f</load_address>
         <run_address>0x214f</run_address>
         <size>0x89</size>
         <input_file_ref idref="fl-1a"/>
      </object_component>
      <object_component id="oc-10b">
         <name>.debug_line</name>
         <load_address>0x21d8</load_address>
         <run_address>0x21d8</run_address>
         <size>0xa5</size>
         <input_file_ref idref="fl-1c"/>
      </object_component>
      <object_component id="oc-10f">
         <name>.debug_line</name>
         <load_address>0x227d</load_address>
         <run_address>0x227d</run_address>
         <size>0x71</size>
         <input_file_ref idref="fl-1d"/>
      </object_component>
      <object_component id="oc-116">
         <name>.debug_line</name>
         <load_address>0x22ee</load_address>
         <run_address>0x22ee</run_address>
         <size>0x70</size>
         <input_file_ref idref="fl-25"/>
      </object_component>
      <object_component id="oc-11d">
         <name>.debug_line</name>
         <load_address>0x235e</load_address>
         <run_address>0x235e</run_address>
         <size>0x5a</size>
         <input_file_ref idref="fl-26"/>
      </object_component>
      <object_component id="oc-124">
         <name>.debug_line</name>
         <load_address>0x23b8</load_address>
         <run_address>0x23b8</run_address>
         <size>0x5b</size>
         <input_file_ref idref="fl-27"/>
      </object_component>
      <object_component id="oc-128">
         <name>.debug_line</name>
         <load_address>0x2413</load_address>
         <run_address>0x2413</run_address>
         <size>0x4c</size>
         <input_file_ref idref="fl-28"/>
      </object_component>
      <object_component id="oc-12d">
         <name>.debug_line</name>
         <load_address>0x245f</load_address>
         <run_address>0x245f</run_address>
         <size>0x56</size>
         <input_file_ref idref="fl-29"/>
      </object_component>
      <object_component id="oc-51">
         <name>.debug_abbrev</name>
         <load_address>0x0</load_address>
         <run_address>0x0</run_address>
         <size>0xc8</size>
         <input_file_ref idref="fl-2"/>
      </object_component>
      <object_component id="oc-57">
         <name>.debug_abbrev</name>
         <load_address>0xc8</load_address>
         <run_address>0xc8</run_address>
         <size>0x125</size>
         <input_file_ref idref="fl-3"/>
      </object_component>
      <object_component id="oc-5d">
         <name>.debug_abbrev</name>
         <load_address>0x1ed</load_address>
         <run_address>0x1ed</run_address>
         <size>0x11a</size>
         <input_file_ref idref="fl-4"/>
      </object_component>
      <object_component id="oc-64">
         <name>.debug_abbrev</name>
         <load_address>0x307</load_address>
         <run_address>0x307</run_address>
         <size>0x17f</size>
         <input_file_ref idref="fl-5"/>
      </object_component>
      <object_component id="oc-6b">
         <name>.debug_abbrev</name>
         <load_address>0x486</load_address>
         <run_address>0x486</run_address>
         <size>0xfe</size>
         <input_file_ref idref="fl-6"/>
      </object_component>
      <object_component id="oc-70">
         <name>.debug_abbrev</name>
         <load_address>0x584</load_address>
         <run_address>0x584</run_address>
         <size>0x133</size>
         <input_file_ref idref="fl-7"/>
      </object_component>
      <object_component id="oc-78">
         <name>.debug_abbrev</name>
         <load_address>0x6b7</load_address>
         <run_address>0x6b7</run_address>
         <size>0x15d</size>
         <input_file_ref idref="fl-8"/>
      </object_component>
      <object_component id="oc-80">
         <name>.debug_abbrev</name>
         <load_address>0x814</load_address>
         <run_address>0x814</run_address>
         <size>0x192</size>
         <input_file_ref idref="fl-9"/>
      </object_component>
      <object_component id="oc-88">
         <name>.debug_abbrev</name>
         <load_address>0x9a6</load_address>
         <run_address>0x9a6</run_address>
         <size>0x10a</size>
         <input_file_ref idref="fl-a"/>
      </object_component>
      <object_component id="oc-8c">
         <name>.debug_abbrev</name>
         <load_address>0xab0</load_address>
         <run_address>0xab0</run_address>
         <size>0x2c</size>
         <input_file_ref idref="fl-b"/>
      </object_component>
      <object_component id="oc-92">
         <name>.debug_abbrev</name>
         <load_address>0xadc</load_address>
         <run_address>0xadc</run_address>
         <size>0x166</size>
         <input_file_ref idref="fl-c"/>
      </object_component>
      <object_component id="oc-97">
         <name>.debug_abbrev</name>
         <load_address>0xc42</load_address>
         <run_address>0xc42</run_address>
         <size>0xdb</size>
         <input_file_ref idref="fl-d"/>
      </object_component>
      <object_component id="oc-9c">
         <name>.debug_abbrev</name>
         <load_address>0xd1d</load_address>
         <run_address>0xd1d</run_address>
         <size>0xdb</size>
         <input_file_ref idref="fl-e"/>
      </object_component>
      <object_component id="oc-a2">
         <name>.debug_abbrev</name>
         <load_address>0xdf8</load_address>
         <run_address>0xdf8</run_address>
         <size>0x107</size>
         <input_file_ref idref="fl-f"/>
      </object_component>
      <object_component id="oc-a7">
         <name>.debug_abbrev</name>
         <load_address>0xeff</load_address>
         <run_address>0xeff</run_address>
         <size>0xbb</size>
         <input_file_ref idref="fl-10"/>
      </object_component>
      <object_component id="oc-ac">
         <name>.debug_abbrev</name>
         <load_address>0xfba</load_address>
         <run_address>0xfba</run_address>
         <size>0x8a</size>
         <input_file_ref idref="fl-11"/>
      </object_component>
      <object_component id="oc-b1">
         <name>.debug_abbrev</name>
         <load_address>0x1044</load_address>
         <run_address>0x1044</run_address>
         <size>0xcd</size>
         <input_file_ref idref="fl-12"/>
      </object_component>
      <object_component id="oc-e4">
         <name>.debug_abbrev</name>
         <load_address>0x1111</load_address>
         <run_address>0x1111</run_address>
         <size>0xb3</size>
         <input_file_ref idref="fl-13"/>
      </object_component>
      <object_component id="oc-e9">
         <name>.debug_abbrev</name>
         <load_address>0x11c4</load_address>
         <run_address>0x11c4</run_address>
         <size>0x125</size>
         <input_file_ref idref="fl-14"/>
      </object_component>
      <object_component id="oc-ee">
         <name>.debug_abbrev</name>
         <load_address>0x12e9</load_address>
         <run_address>0x12e9</run_address>
         <size>0x100</size>
         <input_file_ref idref="fl-15"/>
      </object_component>
      <object_component id="oc-f3">
         <name>.debug_abbrev</name>
         <load_address>0x13e9</load_address>
         <run_address>0x13e9</run_address>
         <size>0x13c</size>
         <input_file_ref idref="fl-16"/>
      </object_component>
      <object_component id="oc-f7">
         <name>.debug_abbrev</name>
         <load_address>0x1525</load_address>
         <run_address>0x1525</run_address>
         <size>0x2c</size>
         <input_file_ref idref="fl-17"/>
      </object_component>
      <object_component id="oc-fc">
         <name>.debug_abbrev</name>
         <load_address>0x1551</load_address>
         <run_address>0x1551</run_address>
         <size>0xd5</size>
         <input_file_ref idref="fl-18"/>
      </object_component>
      <object_component id="oc-100">
         <name>.debug_abbrev</name>
         <load_address>0x1626</load_address>
         <run_address>0x1626</run_address>
         <size>0x2c</size>
         <input_file_ref idref="fl-19"/>
      </object_component>
      <object_component id="oc-105">
         <name>.debug_abbrev</name>
         <load_address>0x1652</load_address>
         <run_address>0x1652</run_address>
         <size>0x20</size>
         <input_file_ref idref="fl-1a"/>
      </object_component>
      <object_component id="oc-10c">
         <name>.debug_abbrev</name>
         <load_address>0x1672</load_address>
         <run_address>0x1672</run_address>
         <size>0xfe</size>
         <input_file_ref idref="fl-1c"/>
      </object_component>
      <object_component id="oc-110">
         <name>.debug_abbrev</name>
         <load_address>0x1770</load_address>
         <run_address>0x1770</run_address>
         <size>0x2c</size>
         <input_file_ref idref="fl-1d"/>
      </object_component>
      <object_component id="oc-117">
         <name>.debug_abbrev</name>
         <load_address>0x179c</load_address>
         <run_address>0x179c</run_address>
         <size>0x43</size>
         <input_file_ref idref="fl-25"/>
      </object_component>
      <object_component id="oc-11e">
         <name>.debug_abbrev</name>
         <load_address>0x17df</load_address>
         <run_address>0x17df</run_address>
         <size>0x10c</size>
         <input_file_ref idref="fl-26"/>
      </object_component>
      <object_component id="oc-125">
         <name>.debug_abbrev</name>
         <load_address>0x18eb</load_address>
         <run_address>0x18eb</run_address>
         <size>0xa9</size>
         <input_file_ref idref="fl-27"/>
      </object_component>
      <object_component id="oc-129">
         <name>.debug_abbrev</name>
         <load_address>0x1994</load_address>
         <run_address>0x1994</run_address>
         <size>0x35</size>
         <input_file_ref idref="fl-28"/>
      </object_component>
      <object_component id="oc-12e">
         <name>.debug_abbrev</name>
         <load_address>0x19c9</load_address>
         <run_address>0x19c9</run_address>
         <size>0xed</size>
         <input_file_ref idref="fl-29"/>
      </object_component>
      <object_component id="oc-183">
         <name>.debug_abbrev</name>
         <load_address>0x1ab6</load_address>
         <run_address>0x1ab6</run_address>
         <size>0xd</size>
      </object_component>
   </object_component_list>
   <logical_group_list>
      <logical_group id="lg-2" display="no" color="cyan">
         <name>PieVectTableFile</name>
         <run_address>0xd00</run_address>
         <size>0x100</size>
         <contents>
            <object_component_ref idref="oc-e3"/>
         </contents>
      </logical_group>
      <logical_group id="lg-3" display="no" color="cyan">
         <name>DevEmuRegsFile</name>
         <run_address>0x880</run_address>
         <size>0xd0</size>
         <contents>
            <object_component_ref idref="oc-df"/>
         </contents>
      </logical_group>
      <logical_group id="lg-4" display="no" color="cyan">
         <name>FlashRegsFile</name>
         <run_address>0xa80</run_address>
         <size>0x8</size>
         <contents>
            <object_component_ref idref="oc-b5"/>
         </contents>
      </logical_group>
      <logical_group id="lg-5" display="no" color="cyan">
         <name>CsmRegsFile</name>
         <run_address>0xae0</run_address>
         <size>0x10</size>
         <contents>
            <object_component_ref idref="oc-bf"/>
         </contents>
      </logical_group>
      <logical_group id="lg-6" display="no" color="cyan">
         <name>AdcMirrorFile</name>
         <run_address>0xb00</run_address>
         <size>0x10</size>
         <contents>
            <object_component_ref idref="oc-be"/>
         </contents>
      </logical_group>
      <logical_group id="lg-7" display="no" color="cyan">
         <name>XintfRegsFile</name>
         <run_address>0xb20</run_address>
         <size>0x1e</size>
         <contents>
            <object_component_ref idref="oc-c2"/>
         </contents>
      </logical_group>
      <logical_group id="lg-8" display="no" color="cyan">
         <name>CpuTimer0RegsFile</name>
         <run_address>0xc00</run_address>
         <size>0x8</size>
         <contents>
            <object_component_ref idref="oc-b6"/>
         </contents>
      </logical_group>
      <logical_group id="lg-9" display="no" color="cyan">
         <name>CpuTimer1RegsFile</name>
         <run_address>0xc08</run_address>
         <size>0x8</size>
         <contents>
            <object_component_ref idref="oc-b4"/>
         </contents>
      </logical_group>
      <logical_group id="lg-a" display="no" color="cyan">
         <name>CpuTimer2RegsFile</name>
         <run_address>0xc10</run_address>
         <size>0x8</size>
         <contents>
            <object_component_ref idref="oc-b3"/>
         </contents>
      </logical_group>
      <logical_group id="lg-b" display="no" color="cyan">
         <name>PieCtrlRegsFile</name>
         <run_address>0xce0</run_address>
         <size>0x1a</size>
         <contents>
            <object_component_ref idref="oc-c0"/>
         </contents>
      </logical_group>
      <logical_group id="lg-c" display="no" color="cyan">
         <name>DmaRegsFile</name>
         <run_address>0x1000</run_address>
         <size>0xe0</size>
         <contents>
            <object_component_ref idref="oc-e0"/>
         </contents>
      </logical_group>
      <logical_group id="lg-d" display="no" color="cyan">
         <name>McbspaRegsFile</name>
         <run_address>0x5000</run_address>
         <size>0x25</size>
         <contents>
            <object_component_ref idref="oc-d2"/>
         </contents>
      </logical_group>
      <logical_group id="lg-e" display="no" color="cyan">
         <name>McbspbRegsFile</name>
         <run_address>0x5040</run_address>
         <size>0x25</size>
         <contents>
            <object_component_ref idref="oc-d3"/>
         </contents>
      </logical_group>
      <logical_group id="lg-f" display="no" color="cyan">
         <name>ECanaRegsFile</name>
         <run_address>0x6000</run_address>
         <size>0x34</size>
         <contents>
            <object_component_ref idref="oc-d6"/>
         </contents>
      </logical_group>
      <logical_group id="lg-10" display="no" color="cyan">
         <name>ECanaLAMRegsFile</name>
         <run_address>0x6040</run_address>
         <size>0x40</size>
         <contents>
            <object_component_ref idref="oc-d9"/>
         </contents>
      </logical_group>
      <logical_group id="lg-11" display="no" color="cyan">
         <name>ECanaMboxesFile</name>
         <run_address>0x6100</run_address>
         <size>0x100</size>
         <contents>
            <object_component_ref idref="oc-e2"/>
         </contents>
      </logical_group>
      <logical_group id="lg-12" display="no" color="cyan">
         <name>ECanaMOTSRegsFile</name>
         <run_address>0x6080</run_address>
         <size>0x40</size>
         <contents>
            <object_component_ref idref="oc-da"/>
         </contents>
      </logical_group>
      <logical_group id="lg-13" display="no" color="cyan">
         <name>ECanaMOTORegsFile</name>
         <run_address>0x60c0</run_address>
         <size>0x40</size>
         <contents>
            <object_component_ref idref="oc-d7"/>
         </contents>
      </logical_group>
      <logical_group id="lg-14" display="no" color="cyan">
         <name>ECanbRegsFile</name>
         <run_address>0x6200</run_address>
         <size>0x34</size>
         <contents>
            <object_component_ref idref="oc-d5"/>
         </contents>
      </logical_group>
      <logical_group id="lg-15" display="no" color="cyan">
         <name>ECanbLAMRegsFile</name>
         <run_address>0x6240</run_address>
         <size>0x40</size>
         <contents>
            <object_component_ref idref="oc-dd"/>
         </contents>
      </logical_group>
      <logical_group id="lg-16" display="no" color="cyan">
         <name>ECanbMboxesFile</name>
         <run_address>0x6300</run_address>
         <size>0x100</size>
         <contents>
            <object_component_ref idref="oc-e1"/>
         </contents>
      </logical_group>
      <logical_group id="lg-17" display="no" color="cyan">
         <name>ECanbMOTSRegsFile</name>
         <run_address>0x6280</run_address>
         <size>0x40</size>
         <contents>
            <object_component_ref idref="oc-d8"/>
         </contents>
      </logical_group>
      <logical_group id="lg-18" display="no" color="cyan">
         <name>ECanbMOTORegsFile</name>
         <run_address>0x62c0</run_address>
         <size>0x40</size>
         <contents>
            <object_component_ref idref="oc-db"/>
         </contents>
      </logical_group>
      <logical_group id="lg-19" display="no" color="cyan">
         <name>EPwm1RegsFile</name>
         <run_address>0x6800</run_address>
         <size>0x22</size>
         <contents>
            <object_component_ref idref="oc-cd"/>
         </contents>
      </logical_group>
      <logical_group id="lg-1a" display="no" color="cyan">
         <name>EPwm2RegsFile</name>
         <run_address>0x6840</run_address>
         <size>0x22</size>
         <contents>
            <object_component_ref idref="oc-cc"/>
         </contents>
      </logical_group>
      <logical_group id="lg-1b" display="no" color="cyan">
         <name>EPwm3RegsFile</name>
         <run_address>0x6880</run_address>
         <size>0x22</size>
         <contents>
            <object_component_ref idref="oc-ce"/>
         </contents>
      </logical_group>
      <logical_group id="lg-1c" display="no" color="cyan">
         <name>EPwm4RegsFile</name>
         <run_address>0x68c0</run_address>
         <size>0x22</size>
         <contents>
            <object_component_ref idref="oc-d0"/>
         </contents>
      </logical_group>
      <logical_group id="lg-1d" display="no" color="cyan">
         <name>EPwm5RegsFile</name>
         <run_address>0x6900</run_address>
         <size>0x22</size>
         <contents>
            <object_component_ref idref="oc-cf"/>
         </contents>
      </logical_group>
      <logical_group id="lg-1e" display="no" color="cyan">
         <name>EPwm6RegsFile</name>
         <run_address>0x6940</run_address>
         <size>0x22</size>
         <contents>
            <object_component_ref idref="oc-d1"/>
         </contents>
      </logical_group>
      <logical_group id="lg-1f" display="no" color="cyan">
         <name>ECap1RegsFile</name>
         <run_address>0x6a00</run_address>
         <size>0x20</size>
         <contents>
            <object_component_ref idref="oc-c9"/>
         </contents>
      </logical_group>
      <logical_group id="lg-20" display="no" color="cyan">
         <name>ECap2RegsFile</name>
         <run_address>0x6a20</run_address>
         <size>0x20</size>
         <contents>
            <object_component_ref idref="oc-c5"/>
         </contents>
      </logical_group>
      <logical_group id="lg-21" display="no" color="cyan">
         <name>ECap3RegsFile</name>
         <run_address>0x6a40</run_address>
         <size>0x20</size>
         <contents>
            <object_component_ref idref="oc-c6"/>
         </contents>
      </logical_group>
      <logical_group id="lg-22" display="no" color="cyan">
         <name>ECap4RegsFile</name>
         <run_address>0x6a60</run_address>
         <size>0x20</size>
         <contents>
            <object_component_ref idref="oc-c3"/>
         </contents>
      </logical_group>
      <logical_group id="lg-23" display="no" color="cyan">
         <name>ECap5RegsFile</name>
         <run_address>0x6a80</run_address>
         <size>0x20</size>
         <contents>
            <object_component_ref idref="oc-c4"/>
         </contents>
      </logical_group>
      <logical_group id="lg-24" display="no" color="cyan">
         <name>ECap6RegsFile</name>
         <run_address>0x6aa0</run_address>
         <size>0x20</size>
         <contents>
            <object_component_ref idref="oc-ca"/>
         </contents>
      </logical_group>
      <logical_group id="lg-25" display="no" color="cyan">
         <name>EQep1RegsFile</name>
         <run_address>0x6b00</run_address>
         <size>0x40</size>
         <contents>
            <object_component_ref idref="oc-de"/>
         </contents>
      </logical_group>
      <logical_group id="lg-26" display="no" color="cyan">
         <name>EQep2RegsFile</name>
         <run_address>0x6b40</run_address>
         <size>0x40</size>
         <contents>
            <object_component_ref idref="oc-dc"/>
         </contents>
      </logical_group>
      <logical_group id="lg-27" display="no" color="cyan">
         <name>GpioCtrlRegsFile</name>
         <run_address>0x6f80</run_address>
         <size>0x2e</size>
         <contents>
            <object_component_ref idref="oc-d4"/>
         </contents>
      </logical_group>
      <logical_group id="lg-28" display="no" color="cyan">
         <name>GpioDataRegsFile</name>
         <run_address>0x6fc0</run_address>
         <size>0x20</size>
         <contents>
            <object_component_ref idref="oc-c7"/>
         </contents>
      </logical_group>
      <logical_group id="lg-29" display="no" color="cyan">
         <name>GpioIntRegsFile</name>
         <run_address>0x6fe0</run_address>
         <size>0xa</size>
         <contents>
            <object_component_ref idref="oc-b8"/>
         </contents>
      </logical_group>
      <logical_group id="lg-2a" display="no" color="cyan">
         <name>SysCtrlRegsFile</name>
         <run_address>0x7010</run_address>
         <size>0x20</size>
         <contents>
            <object_component_ref idref="oc-c8"/>
         </contents>
      </logical_group>
      <logical_group id="lg-2b" display="no" color="cyan">
         <name>SpiaRegsFile</name>
         <run_address>0x7040</run_address>
         <size>0x10</size>
         <contents>
            <object_component_ref idref="oc-bb"/>
         </contents>
      </logical_group>
      <logical_group id="lg-2c" display="no" color="cyan">
         <name>SciaRegsFile</name>
         <run_address>0x7050</run_address>
         <size>0x10</size>
         <contents>
            <object_component_ref idref="oc-bc"/>
         </contents>
      </logical_group>
      <logical_group id="lg-2d" display="no" color="cyan">
         <name>XIntruptRegsFile</name>
         <run_address>0x7070</run_address>
         <size>0x10</size>
         <contents>
            <object_component_ref idref="oc-bd"/>
         </contents>
      </logical_group>
      <logical_group id="lg-2e" display="no" color="cyan">
         <name>AdcRegsFile</name>
         <run_address>0x7100</run_address>
         <size>0x1e</size>
         <contents>
            <object_component_ref idref="oc-c1"/>
         </contents>
      </logical_group>
      <logical_group id="lg-2f" display="no" color="cyan">
         <name>ScibRegsFile</name>
         <run_address>0x7750</run_address>
         <size>0x10</size>
         <contents>
            <object_component_ref idref="oc-ba"/>
         </contents>
      </logical_group>
      <logical_group id="lg-30" display="no" color="cyan">
         <name>ScicRegsFile</name>
         <run_address>0x7770</run_address>
         <size>0x10</size>
         <contents>
            <object_component_ref idref="oc-b9"/>
         </contents>
      </logical_group>
      <logical_group id="lg-31" display="no" color="cyan">
         <name>I2caRegsFile</name>
         <run_address>0x7900</run_address>
         <size>0x22</size>
         <contents>
            <object_component_ref idref="oc-cb"/>
         </contents>
      </logical_group>
[...]
         <name>_USER4_ISR</name>
         <value>0x33885e</value>
         <object_component_ref idref="oc-f9"/>
      </symbol>
      <symbol id="sm-3ce">
         <name>_EPWM2_TZINT_ISR</name>
         <value>0x3388b3</value>
         <object_component_ref idref="oc-f9"/>
      </symbol>
      <symbol id="sm-3cf">
         <name>_XINT6_ISR</name>
         <value>0x338999</value>
         <object_component_ref idref="oc-f9"/>
      </symbol>
      <symbol id="sm-3d0">
         <name>_EPWM2_INT_ISR</name>
         <value>0x3388d1</value>
         <object_component_ref idref="oc-f9"/>
      </symbol>
      <symbol id="sm-3d1">
         <name>_ECAN0INTB_ISR</name>
         <value>0x338980</value>
         <object_component_ref idref="oc-f9"/>
      </symbol>
      <symbol id="sm-3d2">
         <name>_TINT0_ISR</name>
         <value>0x3388a4</value>
         <object_component_ref idref="oc-f9"/>
      </symbol>
      <symbol id="sm-3d3">
         <name>_WAKEINT_ISR</name>
         <value>0x3388a9</value>
         <object_component_ref idref="oc-f9"/>
      </symbol>
      <symbol id="sm-3d4">
         <name>_DINTCH4_ISR</name>
         <value>0x33893f</value>
         <object_component_ref idref="oc-f9"/>
      </symbol>
      <symbol id="sm-3d5">
         <name>_USER10_ISR</name>
         <value>0x33887c</value>
         <object_component_ref idref="oc-f9"/>
      </symbol>
      <symbol id="sm-3d6">
         <name>_USER7_ISR</name>
         <value>0x33886d</value>
         <object_component_ref idref="oc-f9"/>
      </symbol>
      <symbol id="sm-3d7">
         <name>_XINT1_ISR</name>
         <value>0x338895</value>
         <object_component_ref idref="oc-f9"/>
      </symbol>
      <symbol id="sm-3d8">
         <name>_ECAP6_INT_ISR</name>
         <value>0x338903</value>
         <object_component_ref idref="oc-f9"/>
      </symbol>
      <symbol id="sm-3d9">
         <name>_INT14_ISR</name>
         <value>0x338831</value>
         <object_component_ref idref="oc-f9"/>
      </symbol>
      <symbol id="sm-3da">
         <name>_MXINTB_ISR</name>
         <value>0x338921</value>
         <object_component_ref idref="oc-f9"/>
      </symbol>
      <symbol id="sm-3db">
         <name>_DINTCH5_ISR</name>
         <value>0x338944</value>
         <object_component_ref idref="oc-f9"/>
      </symbol>
      <symbol id="sm-3dc">
         <name>_USER6_ISR</name>
         <value>0x338868</value>
         <object_component_ref idref="oc-f9"/>
      </symbol>
      <symbol id="sm-3dd">
         <name>_ECAP4_INT_ISR</name>
         <value>0x3388f9</value>
         <object_component_ref idref="oc-f9"/>
      </symbol>
      <symbol id="sm-3de">
         <name>_MRINTA_ISR</name>
         <value>0x338926</value>
         <object_component_ref idref="oc-f9"/>
      </symbol>
      <symbol id="sm-3df">
         <name>_DINTCH6_ISR</name>
         <value>0x338949</value>
         <object_component_ref idref="oc-f9"/>
      </symbol>
      <symbol id="sm-3e0">
         <name>_USER12_ISR</name>
         <value>0x338886</value>
         <object_component_ref idref="oc-f9"/>
      </symbol>
      <symbol id="sm-3e1">
         <name>_ADCINT_ISR</name>
         <value>0x33889f</value>
         <object_component_ref idref="oc-f9"/>
      </symbol>
      <symbol id="sm-3e2">
         <name>_USER1_ISR</name>
         <value>0x33884f</value>
         <object_component_ref idref="oc-f9"/>
      </symbol>
      <symbol id="sm-3e3">
         <name>_XINT3_ISR</name>
         <value>0x33898a</value>
         <object_component_ref idref="oc-f9"/>
      </symbol>
      <symbol id="sm-3e4">
         <name>_EPWM5_INT_ISR</name>
         <value>0x3388e0</value>
         <object_component_ref idref="oc-f9"/>
      </symbol>
      <symbol id="sm-3e5">
         <name>_NMI_ISR</name>
         <value>0x338845</value>
         <object_component_ref idref="oc-f9"/>
      </symbol>
      <symbol id="sm-3e6">
         <name>_SCITXINTB_ISR</name>
         <value>0x338971</value>
         <object_component_ref idref="oc-f9"/>
      </symbol>
      <symbol id="sm-3e7">
         <name>_SCIRXINTB_ISR</name>
         <value>0x33896c</value>
         <object_component_ref idref="oc-f9"/>
      </symbol>
      <symbol id="sm-3e8">
         <name>_ECAN1INTA_ISR</name>
         <value>0x33897b</value>
         <object_component_ref idref="oc-f9"/>
      </symbol>
      <symbol id="sm-3e9">
         <name>_ECAP2_INT_ISR</name>
         <value>0x3388ef</value>
         <object_component_ref idref="oc-f9"/>
      </symbol>
      <symbol id="sm-3ea">
         <name>_PIE_RESERVED</name>
         <value>0x3389b2</value>
         <object_component_ref idref="oc-f9"/>
      </symbol>
      <symbol id="sm-3eb">
         <name>_I2CINT1A_ISR</name>
         <value>0x33894e</value>
         <object_component_ref idref="oc-f9"/>
      </symbol>
      <symbol id="sm-3ec">
         <name>_XINT2_ISR</name>
         <value>0x33889a</value>
         <object_component_ref idref="oc-f9"/>
      </symbol>
      <symbol id="sm-3ed">
         <name>_I2CINT2A_ISR</name>
         <value>0x338953</value>
         <object_component_ref idref="oc-f9"/>
      </symbol>
      <symbol id="sm-3ee">
         <name>_SCITXINTC_ISR</name>
         <value>0x33895d</value>
         <object_component_ref idref="oc-f9"/>
      </symbol>
      <symbol id="sm-3ef">
         <name>_SCIRXINTC_ISR</name>
         <value>0x338958</value>
         <object_component_ref idref="oc-f9"/>
      </symbol>
      <symbol id="sm-3f0">
         <name>_RTOSINT_ISR</name>
         <value>0x33883b</value>
         <object_component_ref idref="oc-f9"/>
      </symbol>
      <symbol id="sm-3f1">
         <name>_EPWM3_INT_ISR</name>
         <value>0x3388d6</value>
         <object_component_ref idref="oc-f9"/>
      </symbol>
      <symbol id="sm-3f2">
         <name>_ECAN1INTB_ISR</name>
         <value>0x338985</value>
         <object_component_ref idref="oc-f9"/>
      </symbol>
      <symbol id="sm-3f3">
         <name>_USER9_ISR</name>
         <value>0x338877</value>
         <object_component_ref idref="oc-f9"/>
      </symbol>
      <symbol id="sm-3f4">
         <name>_USER3_ISR</name>
         <value>0x338859</value>
         <object_component_ref idref="oc-f9"/>
      </symbol>
      <symbol id="sm-3f5">
         <name>_EQEP1_INT_ISR</name>
         <value>0x338908</value>
         <object_component_ref idref="oc-f9"/>
      </symbol>
      <symbol id="sm-3f6">
         <name>_MRINTB_ISR</name>
         <value>0x33891c</value>
         <object_component_ref idref="oc-f9"/>
      </symbol>
      <symbol id="sm-3f7">
         <name>_DINTCH1_ISR</name>
         <value>0x338930</value>
         <object_component_ref idref="oc-f9"/>
      </symbol>
      <symbol id="sm-3f8">
         <name>_USER8_ISR</name>
         <value>0x338872</value>
         <object_component_ref idref="oc-f9"/>
      </symbol>
      <symbol id="sm-3f9">
         <name>_EPWM1_INT_ISR</name>
         <value>0x3388cc</value>
         <object_component_ref idref="oc-f9"/>
      </symbol>
      <symbol id="sm-3fa">
         <name>_SEQ2INT_ISR</name>
         <value>0x338890</value>
         <object_component_ref idref="oc-f9"/>
      </symbol>
      <symbol id="sm-3fb">
         <name>_USER2_ISR</name>
         <value>0x338854</value>
         <object_component_ref idref="oc-f9"/>
      </symbol>
      <symbol id="sm-3fc">
         <name>_LUF_ISR</name>
         <value>0x3389a8</value>
         <object_component_ref idref="oc-f9"/>
      </symbol>
      <symbol id="sm-3fd">
         <name>_LVF_ISR</name>
         <value>0x3389a3</value>
         <object_component_ref idref="oc-f9"/>
      </symbol>
      <symbol id="sm-3fe">
         <name>_SCITXINTA_ISR</name>
         <value>0x338967</value>
         <object_component_ref idref="oc-f9"/>
      </symbol>
      <symbol id="sm-3ff">
         <name>_SCIRXINTA_ISR</name>
         <value>0x338962</value>
         <object_component_ref idref="oc-f9"/>
      </symbol>
      <symbol id="sm-400">
         <name>_rsvd_ISR</name>
         <value>0x3389b7</value>
         <object_component_ref idref="oc-f9"/>
      </symbol>
      <symbol id="sm-401">
         <name>_ECAP5_INT_ISR</name>
         <value>0x3388fe</value>
         <object_component_ref idref="oc-f9"/>
      </symbol>
      <symbol id="sm-402">
         <name>_DINTCH2_ISR</name>
         <value>0x338935</value>
         <object_component_ref idref="oc-f9"/>
      </symbol>
      <symbol id="sm-403">
         <name>_XINT5_ISR</name>
         <value>0x338994</value>
         <object_component_ref idref="oc-f9"/>
      </symbol>
      <symbol id="sm-40b">
         <name>_SetDBGIER</name>
         <value>0x339104</value>
         <object_component_ref idref="oc-fd"/>
      </symbol>
      <symbol id="sm-416">
         <name>code_start</name>
         <value>0x33fff6</value>
         <object_component_ref idref="oc-102"/>
      </symbol>
      <symbol id="sm-426">
         <name>_InitAdc</name>
         <value>0x338f75</value>
         <object_component_ref idref="oc-108"/>
      </symbol>
      <symbol id="sm-427">
         <name>_StartAdc</name>
         <value>0x338fab</value>
         <object_component_ref idref="oc-108"/>
      </symbol>
      <symbol id="sm-42f">
         <name>_ADC_cal</name>
         <value>0x380080</value>
         <object_component_ref idref="oc-10d"/>
      </symbol>
      <symbol id="sm-43a">
         <name>__IQ19div</name>
         <value>0x9000</value>
         <object_component_ref idref="oc-111"/>
      </symbol>
      <symbol id="sm-43e">
         <name>_IQ16mpyRndSatTable</name>
         <value>0x3fea90</value>
         <object_component_ref idref="oc-112"/>
      </symbol>
      <symbol id="sm-43f">
         <name>_IQ24mpyRndSatTable</name>
         <value>0x3fea30</value>
         <object_component_ref idref="oc-112"/>
      </symbol>
      <symbol id="sm-440">
         <name>_IQ13mpyRndSatTable</name>
         <value>0x3feab4</value>
         <object_component_ref idref="oc-112"/>
      </symbol>
      <symbol id="sm-441">
         <name>_IQ21mpyRndSatTable</name>
         <value>0x3fea54</value>
         <object_component_ref idref="oc-112"/>
      </symbol>
      <symbol id="sm-442">
         <name>_IQ10mpyRndSatTable</name>
         <value>0x3fead8</value>
         <object_component_ref idref="oc-112"/>
      </symbol>
      <symbol id="sm-443">
         <name>_IQdivTable</name>
         <value>0x3fe510</value>
         <object_component_ref idref="oc-112"/>
      </symbol>
      <symbol id="sm-444">
         <name>_IQ9mpyRndSatTable</name>
         <value>0x3feae4</value>
         <object_component_ref idref="oc-112"/>
      </symbol>
      <symbol id="sm-445">
         <name>_IQ6mpyRndSatTable</name>
         <value>0x3feb08</value>
         <object_component_ref idref="oc-112"/>
      </symbol>
      <symbol id="sm-446">
         <name>_IQatan2TableEnd</name>
         <value>0x3fe9e8</value>
         <object_component_ref idref="oc-112"/>
      </symbol>
      <symbol id="sm-447">
         <name>_IQdivTableEnd</name>
         <value>0x3fe712</value>
         <object_component_ref idref="oc-112"/>
      </symbol>
      <symbol id="sm-448">
         <name>_IQ29mpyRndSatTable</name>
         <value>0x3fe9f4</value>
         <object_component_ref idref="oc-112"/>
      </symbol>
      <symbol id="sm-449">
         <name>_IQ3mpyRndSatTable</name>
         <value>0x3feb2c</value>
         <object_component_ref idref="oc-112"/>
      </symbol>
      <symbol id="sm-44a">
         <name>_IQ18mpyRndSatTable</name>
         <value>0x3fea78</value>
         <object_component_ref idref="oc-112"/>
      </symbol>
      <symbol id="sm-44b">
         <name>_IQ26mpyRndSatTable</name>
         <value>0x3fea18</value>
         <object_component_ref idref="oc-112"/>
      </symbol>
      <symbol id="sm-44c">
         <name>_IQcosTableEnd</name>
         <value>0x3fe502</value>
         <object_component_ref idref="oc-112"/>
      </symbol>
      <symbol id="sm-44d">
         <name>_IQsinTableEnd</name>
         <value>0x3fe400</value>
         <object_component_ref idref="oc-112"/>
      </symbol>
      <symbol id="sm-44e">
         <name>_IQ15mpyRndSatTable</name>
         <value>0x3fea9c</value>
         <object_component_ref idref="oc-112"/>
      </symbol>
      <symbol id="sm-44f">
         <name>_IQ23mpyRndSatTable</name>
         <value>0x3fea3c</value>
         <object_component_ref idref="oc-112"/>
      </symbol>
      <symbol id="sm-450">
         <name>_IQ12mpyRndSatTable</name>
         <value>0x3feac0</value>
         <object_component_ref idref="oc-112"/>
      </symbol>
      <symbol id="sm-451">
         <name>_IQ20mpyRndSatTable</name>
         <value>0x3fea60</value>
         <object_component_ref idref="oc-112"/>
      </symbol>
      <symbol id="sm-452">
         <name>_IQisqrtTableEnd</name>
         <value>0x3fe824</value>
         <object_component_ref idref="oc-112"/>
      </symbol>
      <symbol id="sm-453">
         <name>_IQ8mpyRndSatTable</name>
         <value>0x3feaf0</value>
         <object_component_ref idref="oc-112"/>
      </symbol>
      <symbol id="sm-454">
         <name>_IQisqrtRoundSatTable</name>
         <value>0x3fe712</value>
         <object_component_ref idref="oc-112"/>
      </symbol>
      <symbol id="sm-455">
         <name>_IQ5mpyRndSatTable</name>
         <value>0x3feb14</value>
         <object_component_ref idref="oc-112"/>
      </symbol>
      <symbol id="sm-456">
         <name>_IQmpyRndSatTable</name>
         <value>0x3fe9e8</value>
         <object_component_ref idref="oc-112"/>
      </symbol>
      <symbol id="sm-457">
         <name>_IQ28mpyRndSatTable</name>
         <value>0x3fea00</value>
         <object_component_ref idref="oc-112"/>
      </symbol>
      <symbol id="sm-458">
         <name>_IQatan2Table</name>
         <value>0x3fe862</value>
         <object_component_ref idref="oc-112"/>
      </symbol>
      <symbol id="sm-459">
         <name>_IQ2mpyRndSatTable</name>
         <value>0x3feb38</value>
         <object_component_ref idref="oc-112"/>
      </symbol>
      <symbol id="sm-45a">
         <name>_IQatan2HalfPITable</name>
         <value>0x3fe824</value>
         <object_component_ref idref="oc-112"/>
      </symbol>
      <symbol id="sm-45b">
         <name>_IQ17mpyRndSatTable</name>
         <value>0x3fea84</value>
         <object_component_ref idref="oc-112"/>
      </symbol>
      <symbol id="sm-45c">
         <name>_IQ25mpyRndSatTable</name>
         <value>0x3fea24</value>
         <object_component_ref idref="oc-112"/>
      </symbol>
      <symbol id="sm-45d">
         <name>_IQsqrtTable</name>
         <value>0x3fe722</value>
         <object_component_ref idref="oc-112"/>
      </symbol>
      <symbol id="sm-45e">
         <name>_IQsqrtTableEnd</name>
         <value>0x3fe824</value>
         <object_component_ref idref="oc-112"/>
      </symbol>
      <symbol id="sm-45f">
         <name>_IQ14mpyRndSatTable</name>
         <value>0x3feaa8</value>
         <object_component_ref idref="oc-112"/>
      </symbol>
      <symbol id="sm-460">
         <name>_IQ22mpyRndSatTable</name>
         <value>0x3fea48</value>
         <object_component_ref idref="oc-112"/>
      </symbol>
      <symbol id="sm-461">
         <name>_IQ30mpyRndSatTable</name>
         <value>0x3fe9e8</value>
         <object_component_ref idref="oc-112"/>
      </symbol>
      <symbol id="sm-462">
         <name>_IQsqrtRoundSatTable</name>
         <value>0x3fe712</value>
         <object_component_ref idref="oc-112"/>
      </symbol>
      <symbol id="sm-463">
         <name>_IQ11mpyRndSatTable</name>
         <value>0x3feacc</value>
         <object_component_ref idref="oc-112"/>
      </symbol>
      <symbol id="sm-464">
         <name>_IQdivRoundSatTable</name>
         <value>0x3fe502</value>
         <object_component_ref idref="oc-112"/>
      </symbol>
      <symbol id="sm-465">
         <name>_IQ7mpyRndSatTable</name>
         <value>0x3feafc</value>
         <object_component_ref idref="oc-112"/>
      </symbol>
      <symbol id="sm-466">
         <name>_IQcosTable</name>
         <value>0x3fe100</value>
         <object_component_ref idref="oc-112"/>
      </symbol>
      <symbol id="sm-467">
         <name>_IQisqrtTable</name>
         <value>0x3fe722</value>
         <object_component_ref idref="oc-112"/>
      </symbol>
      <symbol id="sm-468">
         <name>_IQ4mpyRndSatTable</name>
         <value>0x3feb20</value>
         <object_component_ref idref="oc-112"/>
      </symbol>
      <symbol id="sm-469">
         <name>_IQ19mpyRndSatTable</name>
         <value>0x3fea6c</value>
         <object_component_ref idref="oc-112"/>
      </symbol>
      <symbol id="sm-46a">
         <name>_IQ27mpyRndSatTable</name>
         <value>0x3fea0c</value>
         <object_component_ref idref="oc-112"/>
      </symbol>
      <symbol id="sm-46b">
         <name>_IQmpyRndSatTableEnd</name>
         <value>0x3feb50</value>
         <object_component_ref idref="oc-112"/>
      </symbol>
      <symbol id="sm-46c">
         <name>_IQ1mpyRndSatTable</name>
         <value>0x3feb44</value>
         <object_component_ref idref="oc-112"/>
      </symbol>
      <symbol id="sm-46d">
         <name>_IQsinTable</name>
         <value>0x3fe000</value>
         <object_component_ref idref="oc-112"/>
      </symbol>
      <symbol id="sm-481">
         <name>_c_int00</name>
         <value>0x338f31</value>
         <object_component_ref idref="oc-4b"/>
      </symbol>
      <symbol id="sm-482">
         <name>__stack</name>
         <value>0x400</value>
         <object_component_ref idref="oc-113"/>
      </symbol>
      <symbol id="sm-493">
         <name>C$$EXIT</name>
         <value>0x3390b3</value>
         <object_component_ref idref="oc-118"/>
      </symbol>
      <symbol id="sm-494">
         <name>_exit</name>
         <value>0x3390b5</value>
         <object_component_ref idref="oc-118"/>
      </symbol>
      <symbol id="sm-495">
         <name>___TI_cleanup_ptr</name>
         <value>0xc1a4</value>
         <object_component_ref idref="oc-11b"/>
      </symbol>
      <symbol id="sm-496">
         <name>_abort</name>
         <value>0x3390b3</value>
         <object_component_ref idref="oc-118"/>
      </symbol>
      <symbol id="sm-497">
         <name>___TI_dtors_ptr</name>
         <value>0xc1a6</value>
         <object_component_ref idref="oc-11b"/>
      </symbol>
      <symbol id="sm-4a5">
         <name>__unlock</name>
         <value>0xc0fa</value>
         <object_component_ref idref="oc-122"/>
      </symbol>
      <symbol id="sm-4a6">
         <name>__lock</name>
         <value>0xc0fc</value>
         <object_component_ref idref="oc-122"/>
      </symbol>
      <symbol id="sm-4a7">
         <name>__register_lock</name>
         <value>0x3390f0</value>
         <object_component_ref idref="oc-11f"/>
      </symbol>
      <symbol id="sm-4a8">
         <name>__nop</name>
         <value>0x3390f4</value>
         <object_component_ref idref="oc-11f"/>
      </symbol>
      <symbol id="sm-4a9">
         <name>__register_unlock</name>
         <value>0x3390ec</value>
         <object_component_ref idref="oc-11f"/>
      </symbol>
      <symbol id="sm-4b1">
         <name>U$$MOD</name>
         <value>0x3390e6</value>
         <object_component_ref idref="oc-126"/>
      </symbol>
      <symbol id="sm-4b2">
         <name>U$$DIV</name>
         <value>0x3390e1</value>
         <object_component_ref idref="oc-126"/>
      </symbol>
      <symbol id="sm-4be">
         <name>__args_main</name>
         <value>0x33909a</value>
         <object_component_ref idref="oc-12a"/>
      </symbol>
      <symbol id="sm-4bf">
         <name>__TI_args_main</name>
         <value>0x1</value>
      </symbol>
   </symbol_table>
   <title>Link successful</title>
</link_info>
