******************************************************************************
  TMS320C2000 Evaluation Linker PC v5.2.1                      
******************************************************************************
>> Linked Thu Oct 29 09:05:38 2015

OUTPUT FILE NAME:   <./Debug/SG100KT.out>
ENTRY POINT SYMBOL: "_c_int00"  address: 00339173


MEMORY CONFIGURATION

         name            origin    length      used     unused   attr    fill
----------------------  --------  ---------  --------  --------  ----  --------
PAGE 0:
  ZONE0                 00004000   00001000  00000000  00001000  RWIX
  RAML0                 00008000   00001000  0000058b  00000a75  RWIX
  RAML1                 00009000   00001000  00000047  00000fb9  RWIX
  RAML2                 0000a000   00001000  00000000  00001000  RWIX
  RAML3                 0000b000   00001000  00000000  00001000  RWIX
  ZONE6A                00100000   0000fc00  00000000  0000fc00  RWIX
  ZONE7                 00200000   00100000  00000000  00100000  RWIX
  FLASHH                00300000   00008000  00000000  00008000  RWIX
  FLASHG                00308000   00008000  00000000  00008000  RWIX
  FLASHF                00310000   00008000  00000000  00008000  RWIX
  FLASHE                00318000   00008000  00000000  00008000  RWIX
  FLASHD                00320000   00008000  000005d2  00007a2e  RWIX
  FLASHC                00328000   00008000  00000000  00008000  RWIX
  FLASHA                00338000   00007f80  0000146f  00006b11  RWIX
  CSM_RSVD              0033ff80   00000076  00000076  00000000  RWIX
  BEGIN                 0033fff6   00000002  00000002  00000000  RWIX
  CSM_PWL               0033fff8   00000008  00000008  00000000  RWIX
  ADC_CAL               00380080   00000009  00000007  00000002  RWIX
  OTP                   00380400   00000400  00000000  00000400  RWIX
  IQTABLES              003fe000   00000b50  00000b50  00000000  RWIX
  IQTABLES2             003feb50   0000008c  00000000  0000008c  RWIX
  FPUTABLES             003febdc   000006a0  00000000  000006a0  RWIX
  ROM                   003ff27c   00000d44  00000000  00000d44  RWIX
  RESET                 003fffc0   00000002  00000000  00000002  RWIX
  VECTORS               003fffc2   0000003e  00000000  0000003e  RWIX

PAGE 1:
  BOOT_RSVD             00000000   00000050  00000000  00000050  RWIX
  RAMM0                 00000050   000003b0  00000000  000003b0  RWIX
  RAMM1                 00000400   00000400  00000400  00000000  RWIX
  DEV_EMU               00000880   00000180  000000d0  000000b0  RWIX
  FLASH_REGS            00000a80   00000060  00000008  00000058  RWIX
  CSM                   00000ae0   00000010  00000010  00000000  RWIX
  ADC_MIRROR            00000b00   00000010  00000010  00000000  RWIX
  XINTF                 00000b20   00000020  0000001e  00000002  RWIX
  CPU_TIMER0            00000c00   00000008  00000008  00000000  RWIX
  CPU_TIMER1            00000c08   00000008  00000008  00000000  RWIX
  CPU_TIMER2            00000c10   00000008  00000008  00000000  RWIX
  PIE_CTRL              00000ce0   00000020  0000001a  00000006  RWIX
  PIE_VECT              00000d00   00000100  00000100  00000000  RWIX
  DMA                   00001000   00000200  000000e0  00000120  RWIX
  MCBSPA                00005000   00000040  00000025  0000001b  RWIX
  MCBSPB                00005040   00000040  00000025  0000001b  RWIX
  ECANA                 00006000   00000040  00000034  0000000c  RWIX
  ECANA_LAM             00006040   00000040  00000040  00000000  RWIX
  ECANA_MOTS            00006080   00000040  00000040  00000000  RWIX
  ECANA_MOTO            000060c0   00000040  00000040  00000000  RWIX
  ECANA_MBOX            00006100   00000100  00000100  00000000  RWIX
  ECANB                 00006200   00000040  00000034  0000000c  RWIX
  ECANB_LAM             00006240   00000040  00000040  00000000  RWIX
  ECANB_MOTS            00006280   00000040  00000040  00000000  RWIX
  ECANB_MOTO            000062c0   00000040  00000040  00000000  RWIX
  ECANB_MBOX            00006300   00000100  00000100  00000000  RWIX
  EPWM1                 00006800   00000022  00000022  00000000  RWIX
  EPWM2                 00006840   00000022  00000022  00000000  RWIX
  EPWM3                 00006880   00000022  00000022  00000000  RWIX
  EPWM4                 000068c0   00000022  00000022  00000000  RWIX
  EPWM5                 00006900   00000022  00000022  00000000  RWIX
  EPWM6                 00006940   00000022  00000022  00000000  RWIX
  ECAP1                 00006a00   00000020  00000020  00000000  RWIX
  ECAP2                 00006a20   00000020  00000020  00000000  RWIX
  ECAP3                 00006a40   00000020  00000020  00000000  RWIX
  ECAP4                 00006a60   00000020  00000020  00000000  RWIX
  ECAP5                 00006a80   00000020  00000020  00000000  RWIX
  ECAP6                 00006aa0   00000020  00000020  00000000  RWIX
  EQEP1                 00006b00   00000040  00000040  00000000  RWIX
  EQEP2                 00006b40   00000040  00000040  00000000  RWIX
  GPIOCTRL              00006f80   00000040  0000002e  00000012  RWIX
  GPIODAT               00006fc0   00000020  00000020  00000000  RWIX
  GPIOINT               00006fe0   00000020  0000000a  00000016  RWIX
  SYSTEM                00007010   00000020  00000020  00000000  RWIX
  SPIA                  00007040   00000010  00000010  00000000  RWIX
  SCIA                  00007050   00000010  00000010  00000000  RWIX
  XINTRUPT              00007070   00000010  00000010  00000000  RWIX
  ADC                   00007100   00000020  0000001e  00000002  RWIX
  SCIB                  00007750   00000010  00000010  00000000  RWIX
  SCIC                  00007770   00000010  00000010  00000000  RWIX
  I2CA                  00007900   00000040  00000022  0000001e  RWIX
  RAML4                 0000c000   00001000  000002b2  00000d4e  RWIX
  RAML5                 0000d000   00001000  00000000  00001000  RWIX
  RAML6                 0000e000   00001000  00000000  00001000  RWIX
  RAML7                 0000f000   00001000  00000000  00001000  RWIX
  ZONE6B                0010fc00   00000400  00000000  00000400  RWIX
  FLASHB                00330000   00008000  00000000  00008000  RWIX
  CSM_PWL               0033fff8   00000008  00000008  00000000  RWIX


SECTION ALLOCATION MAP

 output                                  attributes/
section   page    origin      length       input sections
--------  ----  ----------  ----------   ----------------
.pinit     0    00338000    00000000     UNINITIALIZED

ramfuncs   0    00320000    0000058b     RUN ADDR = 00008000
                  00320000    000002be     corecontrol.obj (ramfuncs)
                  003202be    000000ad     can.obj (ramfuncs)
                  0032036b    0000008c     RS485.obj (ramfuncs)
                  003203f7    00000076     isr.obj (ramfuncs)
                  0032046d    00000061     DataOperation.obj (ramfuncs)
                  003204ce    00000050     RSDebug.obj (ramfuncs)
                  0032051e    0000004e     pid.obj (ramfuncs)
                  0032056c    0000001b     DSP2833x_SysCtrl.obj (ramfuncs)
                  00320587    00000004     DSP2833x_usDelay.obj (ramfuncs)

IQmath     0    0032058b    00000047     RUN ADDR = 00009000
                  0032058b    00000047     IQmath.lib : IQ19div.obj (IQmath)

.text      0    00338000    0000134d     
                  00338000    0000040e     RS485.obj (.text)
                  0033840e    0000025e     DataOperation.obj (.text)
                  0033866c    0000020c     RSDebug.obj (.text)
                  00338878    000001d7     DSP2833x_ECan.obj (.text)
                  00338a4f    00000190     DSP2833x_DefaultIsr.obj (.text)
                  00338bdf    00000181     DSP2833x_EPwm.obj (.text)
                  00338d60    000000fa     main.obj (.text)
                  00338e5a    000000d7     DSP2833x_SysCtrl.obj (.text)
                  00338f31    000000cf     Spi.obj (.text)
                  00339000    0000008e     DSP2833x_Sci.obj (.text)
                  0033908e    00000073     DSP2833x_ECap.obj (.text)
                  00339101    00000072     DSP2833x_Gpio.obj (.text)
                  00339173    00000044     rts2800_ml.lib : boot.obj (.text)
                  003391b7    00000043     DSP2833x_Adc.obj (.text)
                  003391fa    00000038     DSP2833x_PieVect.obj (.text)
                  00339232    00000034     DSP2833x_PieCtrl.obj (.text)
                  00339266    0000002a     DSP2833x_Spi.obj (.text)
                  00339290    0000002a     corecontrol.obj (.text)
                  003392ba    00000024     can.obj (.text)
                  003392de    0000001b     rts2800_ml.lib : args_main.obj (.text)
                  003392f9    00000019                    : exit.obj (.text)
                  00339312    00000015     DSP2833x_MemCopy.obj (.text)
                  00339327    0000000b     rts2800_ml.lib : u_div.obj (.text)
                  00339332    00000009                    : _lock.obj (.text)
                  0033933b    00000008     DSP2833x_CodeStartBranch.obj (.text)
                  00339343    00000007     DSP2833x_DisInt.obj (.text)
                  0033934a    00000003     DSP2833x_DBGIER.obj (.text)

.econst    0    0033934e    00000100     
                  0033934e    00000100     DSP2833x_PieVect.obj (.econst)

.cinit     0    0033944e    00000022     
                  0033944e    0000000a     rts2800_ml.lib : _lock.obj (.cinit)
                  00339458    0000000a                    : exit.obj (.cinit)
                  00339462    00000004     DataOperation.obj (.cinit)
                  00339466    00000004     RS485.obj (.cinit)
                  0033946a    00000004     RSDebug.obj (.cinit)
                  0033946e    00000002     --HOLE-- [fill = 0]

csm_rsvd   0    0033ff80    00000076     
                  0033ff80    00000076     DSP2833x_CSMPasswords.obj (csm_rsvd)

codestart 
*          0    0033fff6    00000002     
                  0033fff6    00000002     DSP2833x_CodeStartBranch.obj (codestart)

csmpasswds 
*          0    0033fff8    00000008     
                  0033fff8    00000008     DSP2833x_CSMPasswords.obj (csmpasswds)

.adc_cal   0    00380080    00000007     NOLOAD SECTION
                  00380080    00000007     DSP2833x_ADC_cal.obj (.adc_cal)

IQmathTables 
*          0    003fe000    00000b50     NOLOAD SECTION
                  003fe000    00000b50     IQmath.lib : IQmathTables.obj (IQmathTables)

.reset     0    003fffc0    00000002     DSECT
                  003fffc0    00000002     rts2800_ml.lib : boot.obj (.reset)

vectors    0    003fffc2    00000000     DSECT

.stack     1    00000400    00000400     UNINITIALIZED
                  00000400    00000400     --HOLE--

DevEmuRegsFile 
*          1    00000880    000000d0     UNINITIALIZED
                  00000880    000000d0     DSP2833x_GlobalVariableDefs.obj (DevEmuRegsFile)

FlashRegsFile 
*          1    00000a80    00000008     UNINITIALIZED
                  00000a80    00000008     DSP2833x_GlobalVariableDefs.obj (FlashRegsFile)

CsmRegsFile 
*          1    00000ae0    00000010     UNINITIALIZED
                  00000ae0    00000010     DSP2833x_GlobalVariableDefs.obj (CsmRegsFile)

AdcMirrorFile 
*          1    00000b00    00000010     UNINITIALIZED
                  00000b00    00000010     DSP2833x_GlobalVariableDefs.obj (AdcMirrorFile)

XintfRegsFile 
*          1    00000b20    0000001e     UNINITIALIZED
                  00000b20    0000001e     DSP2833x_GlobalVariableDefs.obj (XintfRegsFile)

CpuTimer0RegsFile 
*          1    00000c00    00000008     UNINITIALIZED
                  00000c00    00000008     DSP2833x_GlobalVariableDefs.obj (CpuTimer0RegsFile)

CpuTimer1RegsFile 
*          1    00000c08    00000008     UNINITIALIZED
                  00000c08    00000008     DSP2833x_GlobalVariableDefs.obj (CpuTimer1RegsFile)

CpuTimer2RegsFile 
*          1    00000c10    00000008     UNINITIALIZED
                  00000c10    00000008     DSP2833x_GlobalVariableDefs.obj (CpuTimer2RegsFile)

PieCtrlRegsFile 
*          1    00000ce0    0000001a     UNINITIALIZED
                  00000ce0    0000001a     DSP2833x_GlobalVariableDefs.obj (PieCtrlRegsFile)

PieVectTableFile 
*          1    00000d00    00000100     UNINITIALIZED
                  00000d00    00000100     DSP2833x_GlobalVariableDefs.obj (PieVectTableFile)

DmaRegsFile 
*          1    00001000    000000e0     UNINITIALIZED
                  00001000    000000e0     DSP2833x_GlobalVariableDefs.obj (DmaRegsFile)

McbspaRegsFile 
*          1    00005000    00000025     UNINITIALIZED
                  00005000    00000025     DSP2833x_GlobalVariableDefs.obj (McbspaRegsFile)

McbspbRegsFile 
*          1    00005040    00000025     UNINITIALIZED
                  00005040    00000025     DSP2833x_GlobalVariableDefs.obj (McbspbRegsFile)

ECanaRegsFile 
*          1    00006000    00000034     UNINITIALIZED
                  00006000    00000034     DSP2833x_GlobalVariableDefs.obj (ECanaRegsFile)

ECanaLAMRegsFile 
*          1    00006040    00000040     UNINITIALIZED
                  00006040    00000040     DSP2833x_GlobalVariableDefs.obj (ECanaLAMRegsFile)

ECanaMOTSRegsFile 
*          1    00006080    00000040     UNINITIALIZED
                  00006080    00000040     DSP2833x_GlobalVariableDefs.obj (ECanaMOTSRegsFile)

ECanaMOTORegsFile 
*          1    000060c0    00000040     UNINITIALIZED
                  000060c0    00000040     DSP2833x_GlobalVariableDefs.obj (ECanaMOTORegsFile)

ECanaMboxesFile 
*          1    00006100    00000100     UNINITIALIZED
                  00006100    00000100     DSP2833x_GlobalVariableDefs.obj (ECanaMboxesFile)

ECanbRegsFile 
*          1    00006200    00000034     UNINITIALIZED
                  00006200    00000034     DSP2833x_GlobalVariableDefs.obj (ECanbRegsFile)

ECanbLAMRegsFile 
*          1    00006240    00000040     UNINITIALIZED
                  00006240    00000040     DSP2833x_GlobalVariableDefs.obj (ECanbLAMRegsFile)

ECanbMOTSRegsFile 
*          1    00006280    00000040     UNINITIALIZED
                  00006280    00000040     DSP2833x_GlobalVariableDefs.obj (ECanbMOTSRegsFile)

ECanbMOTORegsFile 
*          1    000062c0    00000040     UNINITIALIZED
                  000062c0    00000040     DSP2833x_GlobalVariableDefs.obj (ECanbMOTORegsFile)

ECanbMboxesFile 
*          1    00006300    00000100     UNINITIALIZED
                  00006300    00000100     DSP2833x_GlobalVariableDefs.obj (ECanbMboxesFile)

EPwm1RegsFile 
*          1    00006800    00000022     UNINITIALIZED
                  00006800    00000022     DSP2833x_GlobalVariableDefs.obj (EPwm1RegsFile)

EPwm2RegsFile 
*          1    00006840    00000022     UNINITIALIZED
                  00006840    00000022     DSP2833x_GlobalVariableDefs.obj (EPwm2RegsFile)

EPwm3RegsFile 
*          1    00006880    00000022     UNINITIALIZED
                  00006880    00000022     DSP2833x_GlobalVariableDefs.obj (EPwm3RegsFile)

EPwm4RegsFile 
*          1    000068c0    00000022     UNINITIALIZED
                  000068c0    00000022     DSP2833x_GlobalVariableDefs.obj (EPwm4RegsFile)

EPwm5RegsFile 
*          1    00006900    00000022     UNINITIALIZED
                  00006900    00000022     DSP2833x_GlobalVariableDefs.obj (EPwm5RegsFile)

EPwm6RegsFile 
*          1    00006940    00000022     UNINITIALIZED
                  00006940    00000022     DSP2833x_GlobalVariableDefs.obj (EPwm6RegsFile)

ECap1RegsFile 
*          1    00006a00    00000020     UNINITIALIZED
                  00006a00    00000020     DSP2833x_GlobalVariableDefs.obj (ECap1RegsFile)

ECap2RegsFile 
*          1    00006a20    00000020     UNINITIALIZED
                  00006a20    00000020     DSP2833x_GlobalVariableDefs.obj (ECap2RegsFile)

ECap3RegsFile 
*          1    00006a40    00000020     UNINITIALIZED
                  00006a40    00000020     DSP2833x_GlobalVariableDefs.obj (ECap3RegsFile)

ECap4RegsFile 
*          1    00006a60    00000020     UNINITIALIZED
                  00006a60    00000020     DSP2833x_GlobalVariableDefs.obj (ECap4RegsFile)

ECap5RegsFile 
*          1    00006a80    00000020     UNINITIALIZED
                  00006a80    00000020     DSP2833x_GlobalVariableDefs.obj (ECap5RegsFile)

ECap6RegsFile 
*          1    00006aa0    00000020     UNINITIALIZED
                  00006aa0    00000020     DSP2833x_GlobalVariableDefs.obj (ECap6RegsFile)

EQep1RegsFile 
*          1    00006b00    00000040     UNINITIALIZED
                  00006b00    00000040     DSP2833x_GlobalVariableDefs.obj (EQep1RegsFile)

EQep2RegsFile 
*          1    00006b40    00000040     UNINITIALIZED
                  00006b40    00000040     DSP2833x_GlobalVariableDefs.obj (EQep2RegsFile)

GpioCtrlRegsFile 
*          1    00006f80    0000002e     UNINITIALIZED
                  00006f80    0000002e     DSP2833x_GlobalVariableDefs.obj (GpioCtrlRegsFile)

GpioDataRegsFile 
*          1    00006fc0    00000020     UNINITIALIZED
                  00006fc0    00000020     DSP2833x_GlobalVariableDefs.obj (GpioDataRegsFile)

GpioIntRegsFile 
*          1    00006fe0    0000000a     UNINITIALIZED
                  00006fe0    0000000a     DSP2833x_GlobalVariableDefs.obj (GpioIntRegsFile)

SysCtrlRegsFile 
*          1    00007010    00000020     UNINITIALIZED
                  00007010    00000020     DSP2833x_GlobalVariableDefs.obj (SysCtrlRegsFile)

SpiaRegsFile 
*          1    00007040    00000010     UNINITIALIZED
                  00007040    00000010     DSP2833x_GlobalVariableDefs.obj (SpiaRegsFile)

SciaRegsFile 
*          1    00007050    00000010     UNINITIALIZED
                  00007050    00000010     DSP2833x_GlobalVariableDefs.obj (SciaRegsFile)

XIntruptRegsFile 
*          1    00007070    00000010     UNINITIALIZED
                  00007070    00000010     DSP2833x_GlobalVariableDefs.obj (XIntruptRegsFile)

AdcRegsFile 
*          1    00007100    0000001e     UNINITIALIZED
                  00007100    0000001e     DSP2833x_GlobalVariableDefs.obj (AdcRegsFile)

ScibRegsFile 
*          1    00007750    00000010     UNINITIALIZED
                  00007750    00000010     DSP2833x_GlobalVariableDefs.obj (ScibRegsFile)

ScicRegsFile 
*          1    00007770    00000010     UNINITIALIZED
                  00007770    00000010     DSP2833x_GlobalVariableDefs.obj (ScicRegsFile)

I2caRegsFile 
*          1    00007900    00000022     UNINITIALIZED
                  00007900    00000022     DSP2833x_GlobalVariableDefs.obj (I2caRegsFile)

.ebss      1    0000c000    000002b2     UNINITIALIZED
                  0000c000    000000e4     corecontrol.obj (.ebss)
                  0000c0e4    00000016     can.obj (.ebss)
                  0000c0fa    00000004     rts2800_ml.lib : _lock.obj (.ebss)
                  0000c0fe    00000002     main.obj (.ebss)
                  0000c100    00000090     DataOperation.obj (.ebss)
                  0000c190    00000014     pid.obj (.ebss)
                  0000c1a4    00000004     rts2800_ml.lib : exit.obj (.ebss)
                  0000c1a8    00000001     isr.obj (.ebss)
                  0000c1a9    00000017     --HOLE--
                  0000c1c0    0000007a     RSDebug.obj (.ebss)
                  0000c23a    00000006     --HOLE--
                  0000c240    00000072     RS485.obj (.ebss)

CsmPwlFile 
*          1    0033fff8    00000008     UNINITIALIZED
                  0033fff8    00000008     DSP2833x_GlobalVariableDefs.obj (CsmPwlFile)


GLOBAL SYMBOLS: SORTED ALPHABETICALLY BY Name 

address    name
--------   ----
00338000   .text
003392f9   C$$EXIT
00339327   U$$DIV
0033932c   U$$MOD
00339290   _ACPower
00338ac2   _ADCINT_ISR
000081b0   _ADCReuslt
00380080   _ADC_cal
0000c00a   _AI
00000b00   _AdcMirror
00007100   _AdcRegs
0000c107   _Allenergyaddr
0000c104   _Alltimeaddr
0033802e   _CMDOperator
00338000   _CRCcodeDelt
000082c6   _CanData
000082be   _CanDataPack
0000c0e4   _CanSendTime
00000c00   _CpuTimer0Regs
00000c08   _CpuTimer1Regs
00000c10   _CpuTimer2Regs
0033fff8   _CsmPwl
00000ae0   _CsmRegs
00338f00   _CsmUnlock
00338a59   _DATALOG_ISR
0000c000   _DI
00338b53   _DINTCH1_ISR
00338b58   _DINTCH2_ISR
00338b5d   _DINTCH3_ISR
00338b62   _DINTCH4_ISR
00338b67   _DINTCH5_ISR
00338b6c   _DINTCH6_ISR
0000c002   _DO
00339343   _DSP28x_DisableInt
00339347   _DSP28x_RestoreInt
00008587   _DSP28x_usDelay
0000846d   _DataFun
003385f5   _DataRecord
0000c108   _Dayenergyaddr
0000c105   _Daytimeaddr
003387ec   _DebugData
00008000   _Debugcode
00000880   _DevEmuRegs
00338e6d   _DisableDog
00001000   _DmaRegs
00338b99   _ECAN0INTA_ISR
00338ba3   _ECAN0INTB_ISR
00338b9e   _ECAN1INTA_ISR
00338ba8   _ECAN1INTB_ISR
00338b0d   _ECAP1_INT_ISR
00338b12   _ECAP2_INT_ISR
00338b17   _ECAP3_INT_ISR
00338b1c   _ECAP4_INT_ISR
00338b21   _ECAP5_INT_ISR
00338b26   _ECAP6_INT_ISR
00006040   _ECanaLAMRegs
000060c0   _ECanaMOTORegs
00006080   _ECanaMOTSRegs
00006100   _ECanaMboxes
00006000   _ECanaRegs
00006240   _ECanbLAMRegs
000062c0   _ECanbMOTORegs
00006280   _ECanbMOTSRegs
00006300   _ECanbMboxes
00006200   _ECanbRegs
00006a00   _ECap1Regs
00006a20   _ECap2Regs
00006a40   _ECap3Regs
00006a60   _ECap4Regs
00006a80   _ECap5Regs
00006aa0   _ECap6Regs
00338bd0   _EMPTY_ISR
00338a63   _EMUINT_ISR
00338aef   _EPWM1_INT_ISR
00338ad1   _EPWM1_TZINT_ISR
00338af4   _EPWM2_INT_ISR
00338ad6   _EPWM2_TZINT_ISR
00338af9   _EPWM3_INT_ISR
00338adb   _EPWM3_TZINT_ISR
00338afe   _EPWM4_INT_ISR
00338ae0   _EPWM4_TZINT_ISR
00338b03   _EPWM5_INT_ISR
00338ae5   _EPWM5_TZINT_ISR
00338b08   _EPWM6_INT_ISR
00338aea   _EPWM6_TZINT_ISR
00006800   _EPwm1Regs
00006840   _EPwm2Regs
00006880   _EPwm3Regs
000068c0   _EPwm4Regs
00006900   _EPwm5Regs
00006940   _EPwm6Regs
00338b2b   _EQEP1_INT_ISR
00338b30   _EQEP2_INT_ISR
00006b00   _EQep1Regs
00006b40   _EQep2Regs
00339251   _EnableInterrupts
0000c10a   _Energy1min
0000c10c   _Energytemp
000083f7   _Epwm1_isr
0000c1a8   _EwpmCnt
00000a80   _FlashRegs
00006f80   _GpioCtrlRegs
00006fc0   _GpioDataRegs
00006fe0   _GpioIntRegs
0000c24b   _HPDataIndex
0033811a   _HextoDec
0000c10e   _HisDataReg
003384f8   _HisOperator
0000c140   _HisReg
0000c24c   _HmiFlagReg
00338127   _HomePage
00338b71   _I2CINT1A_ISR
00338b76   _I2CINT2A_ISR
00007900   _I2caRegs
00338a6d   _ILLEGAL_ISR
00338a4f   _INT13_ISR
00338a54   _INT14_ISR
003fead8   _IQ10mpyRndSatTable
003feacc   _IQ11mpyRndSatTable
003feac0   _IQ12mpyRndSatTable
003feab4   _IQ13mpyRndSatTable
003feaa8   _IQ14mpyRndSatTable
003fea9c   _IQ15mpyRndSatTable
003fea90   _IQ16mpyRndSatTable
003fea84   _IQ17mpyRndSatTable
003fea78   _IQ18mpyRndSatTable
003fea6c   _IQ19mpyRndSatTable
003feb44   _IQ1mpyRndSatTable
003fea60   _IQ20mpyRndSatTable
003fea54   _IQ21mpyRndSatTable
003fea48   _IQ22mpyRndSatTable
003fea3c   _IQ23mpyRndSatTable
003fea30   _IQ24mpyRndSatTable
003fea24   _IQ25mpyRndSatTable
003fea18   _IQ26mpyRndSatTable
003fea0c   _IQ27mpyRndSatTable
003fea00   _IQ28mpyRndSatTable
003fe9f4   _IQ29mpyRndSatTable
003feb38   _IQ2mpyRndSatTable
003fe9e8   _IQ30mpyRndSatTable
003feb2c   _IQ3mpyRndSatTable
003feb20   _IQ4mpyRndSatTable
003feb14   _IQ5mpyRndSatTable
003feb08   _IQ6mpyRndSatTable
003feafc   _IQ7mpyRndSatTable
003feaf0   _IQ8mpyRndSatTable
003feae4   _IQ9mpyRndSatTable
003fe824   _IQatan2HalfPITable
003fe862   _IQatan2Table
003fe9e8   _IQatan2TableEnd
003fe100   _IQcosTable
003fe502   _IQcosTableEnd
003fe502   _IQdivRoundSatTable
003fe510   _IQdivTable
003fe712   _IQdivTableEnd
003fe712   _IQisqrtRoundSatTable
003fe722   _IQisqrtTable
003fe824   _IQisqrtTableEnd
003205d2   _IQmathLoadEnd
0032058b   _IQmathLoadStart
00009000   _IQmathRunStart
003fe9e8   _IQmpyRndSatTable
003feb50   _IQmpyRndSatTableEnd
003fe000   _IQsinTable
003fe400   _IQsinTableEnd
003fe712   _IQsqrtRoundSatTable
003fe722   _IQsqrtTable
003fe824   _IQsqrtTableEnd
00008083   _IgdRefCalc
003391b7   _InitAdc
00338878   _InitECan
00338a1e   _InitECanGpio
00338892   _InitECana
00338a23   _InitECanaGpio
0033897a   _InitECanb
00338a39   _InitECanbGpio
0033908e   _InitECap
003390b3   _InitECap1Gpio
003390c1   _InitECap2Gpio
003390cd   _InitECap3Gpio
003390d9   _InitECap4Gpio
003390e5   _InitECap5Gpio
003390f3   _InitECap6Gpio
003390b0   _InitECapGpio
00338bdf   _InitEPwm
00338ccd   _InitEPwm1Gpio
00338cdf   _InitEPwm2Gpio
00338cf1   _InitEPwm3Gpio
00338d05   _InitEPwm4Gpio
00338d19   _InitEPwm5Gpio
00338d2b   _InitEPwm6Gpio
00338cc6   _InitEPwmGpio
00338d3d   _InitEPwmSyncGpio
0000856c   _InitFlash
00339101   _InitGpio
00338ec3   _InitPeripheralClocks
00339232   _InitPieCtrl
003391fa   _InitPieVectTable
00338e75   _InitPll
00339000   _InitSci
0033904a   _InitSciGpio
0033904f   _InitSciaGpio
00339064   _InitScibGpio
00339078   _InitScicGpio
00339266   _InitSpi
00339267   _InitSpiGpio
0033926a   _InitSpiaGpio
00338e5a   _InitSysCtrl
00338d51   _InitTzGpio
00338dd5   _InitVar
0000c010   _InputFilter
0000c01e   _InputSignal
0000c0e6   _InterfaceCan
0033804a   _LCDDisplay
000083a6   _LCDINT
00338bcb   _LUF_ISR
00338bc6   _LVF_ISR
00338b49   _MRINTA_ISR
00338b3f   _MRINTB_ISR
00338b4e   _MXINTA_ISR
00338b44   _MXINTB_ISR
00005000   _McbspaRegs
00005040   _McbspbRegs
00339312   _MemCopy
0000c02f   _MonitorS
00008013   _MpptFun
0000c04c   _MpptRegs
00338a68   _NMI_ISR
003386da   _NormalData
0000c246   _Otime2
00338bd5   _PIE_RESERVED
0000c242   _PageIndex
0000851e   _PidCalc
00000ce0   _PieCtrlRegs
00000d00   _PieVectTable
0033934e   _PieVectTableInit
003392ba   _PowerCan
0000c1c9   _RBUFb
00338a5e   _RTOSINT_ISR
0032058b   _RamfuncsLoadEnd
00320000   _RamfuncsLoadStart
00008000   _RamfuncsRunStart
00338fb1   _ReadChar
00338603   _ReadData
0033840e   _ReadHistory
00338fd5   _ReadInt
00338fe5   _ReadInt32
003380f1   _ReadPV
003380bb   _ReadTime
0000c240   _RecCnt
0000c251   _RecData
0000c1c3   _Receivecountb
0000c243   _Rs485FlagReg
0000c1c0   _Rs485FlagRegb
000084ce   _SCIBRX_ISR
000084f6   _SCIBTX_ISR
00338b85   _SCIRXINTA_ISR
00338b8f   _SCIRXINTB_ISR
00338b7b   _SCIRXINTC_ISR
00338b8a   _SCITXINTA_ISR
00338b94   _SCITXINTB_ISR
00338b80   _SCITXINTC_ISR
00338aae   _SEQ1INT_ISR
00338ab3   _SEQ2INT_ISR
00338b35   _SPIRXINTA_ISR
00338b3a   _SPITXINTA_ISR
0033866c   _SciReceiveDatab
00007050   _SciaRegs
00007750   _ScibRegs
00007770   _ScicRegs
0000c248   _SendCurTime
0000c280   _SendData
0000c245   _SendDataIndex
0000c24a   _SendDelayCnt
0000c24f   _SendLength
0000c244   _SendMaxByte
0000c24e   _SendTime
0000c241   _SendTimeCnt
0000c1c4   _SendWaitCntb
00338e63   _ServiceDog
0033934a   _SetDBGIER
0033883a   _SeteData
00338f31   _SpiInit
00007040   _SpiaRegs
003391ed   _StartAdc
0000c006   _StartTime
000080c9   _StateFun
0000c001   _StateReg
0000c00c   _StopReg1
0000c004   _StopReg2
0000c040   _SysCnt
00007010   _SysCtrlRegs
0000c003   _SysFlag
0000c200   _TBUFb
0000c1d1   _TBUFb1
00338ac7   _TINT0_ISR
0000844b   _TZ5_isr
0000c100   _TaskFlag
00008199   _TimeFun
0000c247   _TimeGetCnt
0000c026   _TimeReg
0000c190   _UPid
00338a9f   _USER10_ISR
00338aa4   _USER11_ISR
00338aa9   _USER12_ISR
00338a72   _USER1_ISR
00338a77   _USER2_ISR
00338a7c   _USER3_ISR
00338a81   _USER4_ISR
00338a86   _USER5_ISR
00338a8b   _USER6_ISR
00338a90   _USER7_ISR
00338a95   _USER8_ISR
00338a9a   _USER9_ISR
0000c00e   _Udc_Given
00338acc   _WAKEINT_ISR
00338f44   _WriteChar
0033862e   _WriteData
0033846c   _WriteHis
00338f82   _WriteInt
00338f9d   _WriteInt32
00338ab8   _XINT1_ISR
00338abd   _XINT2_ISR
00338bad   _XINT3_ISR
00338bb2   _XINT4_ISR
00338bb7   _XINT5_ISR
00338bbc   _XINT6_ISR
00338bc1   _XINT7_ISR
00007070   _XIntruptRegs
00000b20   _XintfRegs
00009000   __IQ19div
00000800   __STACK_END
00000400   __STACK_SIZE
00000001   __TI_args_main
ffffffff   ___binit__
ffffffff   ___c_args__
0033944e   ___cinit__
0033934d   ___etext__
ffffffff   ___pinit__
00338000   ___text__
003392de   __args_main
0000c1a4   __cleanup_ptr
0000c1a6   __dtors_ptr
0000c0fc   __lock
0033933a   __nop
00339336   __register_lock
00339332   __register_unlock
00000400   __stack
0000c0fa   __unlock
003392f9   _abort
0000c016   _adc
0000c249   _bb
0000c080   _buf1
0000c008   _bufaddr
00339173   _c_int00
0000c1c6   _dtt
0000845c   _ecap1_isr
003392fb   _exit
0000c106   _firststartcnt
0000c1c5   _functioncodeb
0000c102   _hishead
00338d60   _main
0000c24d   _nEND
0000c1c8   _nENDb
0000c1c1   _otimeb
0000c250   _pvCnt
0000c0ff   _readflag
00338bda   _rsvd_ISR
0000836b   _sciaRxFifoIsr
0000c1c2   _sendcntb
0000c1c7   _sendlenb
0000c101   _timecnt
0000c0fe   _writeflag
0000c103   _writehis
ffffffff   binit
0033944e   cinit
0033fff6   code_start
0033934d   etext
ffffffff   pinit


GLOBAL SYMBOLS: SORTED BY Symbol Address 

address    name
--------   ----
00000001   __TI_args_main
00000400   __STACK_SIZE
00000400   __stack
00000800   __STACK_END
00000880   _DevEmuRegs
00000a80   _FlashRegs
00000ae0   _CsmRegs
00000b00   _AdcMirror
00000b20   _XintfRegs
00000c00   _CpuTimer0Regs
00000c08   _CpuTimer1Regs
00000c10   _CpuTimer2Regs
00000ce0   _PieCtrlRegs
00000d00   _PieVectTable
00001000   _DmaRegs
00005000   _McbspaRegs
00005040   _McbspbRegs
00006000   _ECanaRegs
00006040   _ECanaLAMRegs
00006080   _ECanaMOTSRegs
000060c0   _ECanaMOTORegs
00006100   _ECanaMboxes
00006200   _ECanbRegs
00006240   _ECanbLAMRegs
00006280   _ECanbMOTSRegs
000062c0   _ECanbMOTORegs
00006300   _ECanbMboxes
00006800   _EPwm1Regs
00006840   _EPwm2Regs
00006880   _EPwm3Regs
000068c0   _EPwm4Regs
00006900   _EPwm5Regs
00006940   _EPwm6Regs
00006a00   _ECap1Regs
00006a20   _ECap2Regs
00006a40   _ECap3Regs
00006a60   _ECap4Regs
00006a80   _ECap5Regs
00006aa0   _ECap6Regs
00006b00   _EQep1Regs
00006b40   _EQep2Regs
00006f80   _GpioCtrlRegs
00006fc0   _GpioDataRegs
00006fe0   _GpioIntRegs
00007010   _SysCtrlRegs
00007040   _SpiaRegs
00007050   _SciaRegs
00007070   _XIntruptRegs
00007100   _AdcRegs
00007750   _ScibRegs
00007770   _ScicRegs
00007900   _I2caRegs
00008000   _Debugcode
00008000   _RamfuncsRunStart
00008013   _MpptFun
00008083   _IgdRefCalc
000080c9   _StateFun
00008199   _TimeFun
000081b0   _ADCReuslt
000082be   _CanDataPack
000082c6   _CanData
0000836b   _sciaRxFifoIsr
000083a6   _LCDINT
000083f7   _Epwm1_isr
0000844b   _TZ5_isr
0000845c   _ecap1_isr
0000846d   _DataFun
000084ce   _SCIBRX_ISR
000084f6   _SCIBTX_ISR
0000851e   _PidCalc
0000856c   _InitFlash
00008587   _DSP28x_usDelay
00009000   _IQmathRunStart
00009000   __IQ19div
0000c000   _DI
0000c001   _StateReg
0000c002   _DO
0000c003   _SysFlag
0000c004   _StopReg2
0000c006   _StartTime
0000c008   _bufaddr
0000c00a   _AI
0000c00c   _StopReg1
0000c00e   _Udc_Given
0000c010   _InputFilter
0000c016   _adc
0000c01e   _InputSignal
0000c026   _TimeReg
0000c02f   _MonitorS
0000c040   _SysCnt
0000c04c   _MpptRegs
0000c080   _buf1
0000c0e4   _CanSendTime
0000c0e6   _InterfaceCan
0000c0fa   __unlock
0000c0fc   __lock
0000c0fe   _writeflag
0000c0ff   _readflag
0000c100   _TaskFlag
0000c101   _timecnt
0000c102   _hishead
0000c103   _writehis
0000c104   _Alltimeaddr
0000c105   _Daytimeaddr
0000c106   _firststartcnt
0000c107   _Allenergyaddr
0000c108   _Dayenergyaddr
0000c10a   _Energy1min
0000c10c   _Energytemp
0000c10e   _HisDataReg
0000c140   _HisReg
0000c190   _UPid
0000c1a4   __cleanup_ptr
0000c1a6   __dtors_ptr
0000c1a8   _EwpmCnt
0000c1c0   _Rs485FlagRegb
0000c1c1   _otimeb
0000c1c2   _sendcntb
0000c1c3   _Receivecountb
0000c1c4   _SendWaitCntb
0000c1c5   _functioncodeb
0000c1c6   _dtt
0000c1c7   _sendlenb
0000c1c8   _nENDb
0000c1c9   _RBUFb
0000c1d1   _TBUFb1
0000c200   _TBUFb
0000c240   _RecCnt
0000c241   _SendTimeCnt
0000c242   _PageIndex
0000c243   _Rs485FlagReg
0000c244   _SendMaxByte
0000c245   _SendDataIndex
0000c246   _Otime2
0000c247   _TimeGetCnt
0000c248   _SendCurTime
0000c249   _bb
0000c24a   _SendDelayCnt
0000c24b   _HPDataIndex
0000c24c   _HmiFlagReg
0000c24d   _nEND
0000c24e   _SendTime
0000c24f   _SendLength
0000c250   _pvCnt
0000c251   _RecData
0000c280   _SendData
00320000   _RamfuncsLoadStart
0032058b   _IQmathLoadStart
0032058b   _RamfuncsLoadEnd
003205d2   _IQmathLoadEnd
00338000   .text
00338000   _CRCcodeDelt
00338000   ___text__
0033802e   _CMDOperator
0033804a   _LCDDisplay
003380bb   _ReadTime
003380f1   _ReadPV
0033811a   _HextoDec
00338127   _HomePage
0033840e   _ReadHistory
0033846c   _WriteHis
003384f8   _HisOperator
003385f5   _DataRecord
00338603   _ReadData
0033862e   _WriteData
0033866c   _SciReceiveDatab
003386da   _NormalData
003387ec   _DebugData
0033883a   _SeteData
00338878   _InitECan
00338892   _InitECana
0033897a   _InitECanb
00338a1e   _InitECanGpio
00338a23   _InitECanaGpio
00338a39   _InitECanbGpio
00338a4f   _INT13_ISR
00338a54   _INT14_ISR
00338a59   _DATALOG_ISR
00338a5e   _RTOSINT_ISR
00338a63   _EMUINT_ISR
00338a68   _NMI_ISR
00338a6d   _ILLEGAL_ISR
00338a72   _USER1_ISR
00338a77   _USER2_ISR
00338a7c   _USER3_ISR
00338a81   _USER4_ISR
00338a86   _USER5_ISR
00338a8b   _USER6_ISR
00338a90   _USER7_ISR
00338a95   _USER8_ISR
00338a9a   _USER9_ISR
00338a9f   _USER10_ISR
00338aa4   _USER11_ISR
00338aa9   _USER12_ISR
00338aae   _SEQ1INT_ISR
00338ab3   _SEQ2INT_ISR
00338ab8   _XINT1_ISR
00338abd   _XINT2_ISR
00338ac2   _ADCINT_ISR
00338ac7   _TINT0_ISR
00338acc   _WAKEINT_ISR
00338ad1   _EPWM1_TZINT_ISR
00338ad6   _EPWM2_TZINT_ISR
00338adb   _EPWM3_TZINT_ISR
00338ae0   _EPWM4_TZINT_ISR
00338ae5   _EPWM5_TZINT_ISR
00338aea   _EPWM6_TZINT_ISR
00338aef   _EPWM1_INT_ISR
00338af4   _EPWM2_INT_ISR
00338af9   _EPWM3_INT_ISR
00338afe   _EPWM4_INT_ISR
00338b03   _EPWM5_INT_ISR
00338b08   _EPWM6_INT_ISR
00338b0d   _ECAP1_INT_ISR
00338b12   _ECAP2_INT_ISR
00338b17   _ECAP3_INT_ISR
00338b1c   _ECAP4_INT_ISR
00338b21   _ECAP5_INT_ISR
00338b26   _ECAP6_INT_ISR
00338b2b   _EQEP1_INT_ISR
00338b30   _EQEP2_INT_ISR
00338b35   _SPIRXINTA_ISR
00338b3a   _SPITXINTA_ISR
00338b3f   _MRINTB_ISR
00338b44   _MXINTB_ISR
00338b49   _MRINTA_ISR
00338b4e   _MXINTA_ISR
00338b53   _DINTCH1_ISR
00338b58   _DINTCH2_ISR
00338b5d   _DINTCH3_ISR
00338b62   _DINTCH4_ISR
00338b67   _DINTCH5_ISR
00338b6c   _DINTCH6_ISR
00338b71   _I2CINT1A_ISR
00338b76   _I2CINT2A_ISR
00338b7b   _SCIRXINTC_ISR
00338b80   _SCITXINTC_ISR
00338b85   _SCIRXINTA_ISR
00338b8a   _SCITXINTA_ISR
00338b8f   _SCIRXINTB_ISR
00338b94   _SCITXINTB_ISR
00338b99   _ECAN0INTA_ISR
00338b9e   _ECAN1INTA_ISR
00338ba3   _ECAN0INTB_ISR
00338ba8   _ECAN1INTB_ISR
00338bad   _XINT3_ISR
00338bb2   _XINT4_ISR
00338bb7   _XINT5_ISR
00338bbc   _XINT6_ISR
00338bc1   _XINT7_ISR
00338bc6   _LVF_ISR
00338bcb   _LUF_ISR
00338bd0   _EMPTY_ISR
00338bd5   _PIE_RESERVED
00338bda   _rsvd_ISR
00338bdf   _InitEPwm
00338cc6   _InitEPwmGpio
00338ccd   _InitEPwm1Gpio
00338cdf   _InitEPwm2Gpio
00338cf1   _InitEPwm3Gpio
00338d05   _InitEPwm4Gpio
00338d19   _InitEPwm5Gpio
00338d2b   _InitEPwm6Gpio
00338d3d   _InitEPwmSyncGpio
00338d51   _InitTzGpio
00338d60   _main
00338dd5   _InitVar
00338e5a   _InitSysCtrl
00338e63   _ServiceDog
00338e6d   _DisableDog
00338e75   _InitPll
00338ec3   _InitPeripheralClocks
00338f00   _CsmUnlock
00338f31   _SpiInit
00338f44   _WriteChar
00338f82   _WriteInt
00338f9d   _WriteInt32
00338fb1   _ReadChar
00338fd5   _ReadInt
00338fe5   _ReadInt32
00339000   _InitSci
0033904a   _InitSciGpio
0033904f   _InitSciaGpio
00339064   _InitScibGpio
00339078   _InitScicGpio
0033908e   _InitECap
003390b0   _InitECapGpio
003390b3   _InitECap1Gpio
003390c1   _InitECap2Gpio
003390cd   _InitECap3Gpio
003390d9   _InitECap4Gpio
003390e5   _InitECap5Gpio
003390f3   _InitECap6Gpio
00339101   _InitGpio
00339173   _c_int00
003391b7   _InitAdc
003391ed   _StartAdc
003391fa   _InitPieVectTable
00339232   _InitPieCtrl
00339251   _EnableInterrupts
00339266   _InitSpi
00339267   _InitSpiGpio
0033926a   _InitSpiaGpio
00339290   _ACPower
003392ba   _PowerCan
003392de   __args_main
003392f9   C$$EXIT
003392f9   _abort
003392fb   _exit
00339312   _MemCopy
00339327   U$$DIV
0033932c   U$$MOD
00339332   __register_unlock
00339336   __register_lock
0033933a   __nop
00339343   _DSP28x_DisableInt
00339347   _DSP28x_RestoreInt
0033934a   _SetDBGIER
0033934d   ___etext__
0033934d   etext
0033934e   _PieVectTableInit
0033944e   ___cinit__
0033944e   cinit
0033fff6   code_start
0033fff8   _CsmPwl
00380080   _ADC_cal
003fe000   _IQsinTable
003fe100   _IQcosTable
003fe400   _IQsinTableEnd
003fe502   _IQcosTableEnd
003fe502   _IQdivRoundSatTable
003fe510   _IQdivTable
003fe712   _IQdivTableEnd
003fe712   _IQisqrtRoundSatTable
003fe712   _IQsqrtRoundSatTable
003fe722   _IQisqrtTable
003fe722   _IQsqrtTable
003fe824   _IQatan2HalfPITable
003fe824   _IQisqrtTableEnd
003fe824   _IQsqrtTableEnd
003fe862   _IQatan2Table
003fe9e8   _IQ30mpyRndSatTable
003fe9e8   _IQatan2TableEnd
003fe9e8   _IQmpyRndSatTable
003fe9f4   _IQ29mpyRndSatTable
003fea00   _IQ28mpyRndSatTable
003fea0c   _IQ27mpyRndSatTable
003fea18   _IQ26mpyRndSatTable
003fea24   _IQ25mpyRndSatTable
003fea30   _IQ24mpyRndSatTable
003fea3c   _IQ23mpyRndSatTable
003fea48   _IQ22mpyRndSatTable
003fea54   _IQ21mpyRndSatTable
003fea60   _IQ20mpyRndSatTable
003fea6c   _IQ19mpyRndSatTable
003fea78   _IQ18mpyRndSatTable
003fea84   _IQ17mpyRndSatTable
003fea90   _IQ16mpyRndSatTable
003fea9c   _IQ15mpyRndSatTable
003feaa8   _IQ14mpyRndSatTable
003feab4   _IQ13mpyRndSatTable
003feac0   _IQ12mpyRndSatTable
003feacc   _IQ11mpyRndSatTable
003fead8   _IQ10mpyRndSatTable
003feae4   _IQ9mpyRndSatTable
003feaf0   _IQ8mpyRndSatTable
003feafc   _IQ7mpyRndSatTable
003feb08   _IQ6mpyRndSatTable
003feb14   _IQ5mpyRndSatTable
003feb20   _IQ4mpyRndSatTable
003feb2c   _IQ3mpyRndSatTable
003feb38   _IQ2mpyRndSatTable
003feb44   _IQ1mpyRndSatTable
003feb50   _IQmpyRndSatTableEnd
ffffffff   ___binit__
ffffffff   ___c_args__
ffffffff   ___pinit__
ffffffff   binit
ffffffff   pinit

[379 symbols]
